../eiq/tensorflow-lite/tensorflow/lite/micro/kernels/cmsis-nn/add.cpp:182:7:void* tflite::ops::micro::add::Init(TfLiteContext*, const char*, size_t)	0	static
/home/frank/Documents/MCUXpresso_11.5.1_7266/rockpaperscissors2/MaaXBoard-RT-V3-Tensorflow-Lite-from-Edge-Impulse/eiq/tensorflow-lite/tensorflow/lite/kernels/internal/reference/process_broadcast_shapes.h:38:13:bool tflite::reference_ops::ProcessBroadcastShapes(const tflite::RuntimeShape&, const tflite::RuntimeShape&, tflite::ArithmeticParams*)	88	static
../eiq/tensorflow-lite/tensorflow/lite/micro/kernels/cmsis-nn/add.cpp:122:14:TfLiteStatus tflite::ops::micro::add::EvalAddQuantized(TfLiteContext*, TfLiteNode*, TfLiteAddParams*, const tflite::ops::micro::add::OpData*, const TfLiteEvalTensor*, const TfLiteEvalTensor*, TfLiteEvalTensor*)	928	static
../eiq/tensorflow-lite/tensorflow/lite/micro/kernels/cmsis-nn/add.cpp:59:14:TfLiteStatus tflite::ops::micro::add::CalculateOpData(TfLiteContext*, TfLiteAddParams*, const TfLiteTensor*, const TfLiteTensor*, TfLiteTensor*, tflite::ops::micro::add::OpData*)	48	static
../eiq/tensorflow-lite/tensorflow/lite/micro/kernels/cmsis-nn/add.cpp:187:14:TfLiteStatus tflite::ops::micro::add::Prepare(TfLiteContext*, TfLiteNode*)	32	static
../eiq/tensorflow-lite/tensorflow/lite/micro/kernels/cmsis-nn/add.cpp:99:6:void tflite::ops::micro::add::EvalAdd(TfLiteContext*, TfLiteNode*, TfLiteAddParams*, const tflite::ops::micro::add::OpData*, const TfLiteEvalTensor*, const TfLiteEvalTensor*, TfLiteEvalTensor*)	416	static
../eiq/tensorflow-lite/tensorflow/lite/micro/kernels/cmsis-nn/add.cpp:204:14:TfLiteStatus tflite::ops::micro::add::Eval(TfLiteContext*, TfLiteNode*)	48	static
../eiq/tensorflow-lite/tensorflow/lite/micro/kernels/cmsis-nn/add.cpp:122:14:TfLiteStatus tflite::ops::micro::add::EvalAddQuantized(TfLiteContext*, TfLiteNode*, TfLiteAddParams*, const tflite::ops::micro::add::OpData*, const TfLiteEvalTensor*, const TfLiteEvalTensor*, TfLiteEvalTensor*)	8	static
../eiq/tensorflow-lite/tensorflow/lite/micro/kernels/cmsis-nn/add.cpp:233:20:TfLiteRegistration tflite::ops::micro::Register_ADD()	8	static
