../eiq/tensorflow-lite/tensorflow/lite/micro/kernels/cmsis-nn/conv.cpp:117:7:void* tflite::{anonymous}::Init(TfLiteContext*, const char*, size_t)	0	static
../eiq/tensorflow-lite/tensorflow/lite/micro/kernels/cmsis-nn/conv.cpp:246:14:TfLiteStatus tflite::{anonymous}::EvalQuantizedPerChannel(TfLiteContext*, TfLiteNode*, TfLiteConvParams*, const tflite::{anonymous}::OpData&, const TfLiteEvalTensor*, const TfLiteEvalTensor*, const TfLiteEvalTensor*, TfLiteEvalTensor*, TfLiteEvalTensor*)	536	static
../eiq/tensorflow-lite/tensorflow/lite/micro/kernels/cmsis-nn/conv.cpp:122:14:TfLiteStatus tflite::{anonymous}::Prepare(TfLiteContext*, TfLiteNode*)	232	static
../eiq/tensorflow-lite/tensorflow/lite/micro/kernels/cmsis-nn/conv.cpp:405:14:TfLiteStatus tflite::{anonymous}::Eval(TfLiteContext*, TfLiteNode*)	496	static
../eiq/tensorflow-lite/tensorflow/lite/micro/kernels/cmsis-nn/conv.cpp:445:20:TfLiteRegistration tflite::Register_CONV_2D()	8	static
