../eiq/tensorflow-lite/tensorflow/lite/micro/kernels/cmsis-nn/mul.cpp:75:7:void* tflite::ops::micro::mul::Init(TfLiteContext*, const char*, size_t)	0	static
/home/frank/Documents/MCUXpresso_11.5.1_7266/rockpaperscissors2/MaaXBoard-RT-V3-Tensorflow-Lite-from-Edge-Impulse/eiq/tensorflow-lite/tensorflow/lite/kernels/internal/reference/process_broadcast_shapes.h:38:13:bool tflite::reference_ops::ProcessBroadcastShapes(const tflite::RuntimeShape&, const tflite::RuntimeShape&, tflite::ArithmeticParams*)	88	static
../eiq/tensorflow-lite/tensorflow/lite/micro/kernels/cmsis-nn/mul.cpp:102:6:void tflite::ops::micro::mul::EvalQuantized(TfLiteContext*, TfLiteNode*, TfLiteMulParams*, const tflite::ops::micro::mul::OpData&, const TfLiteEvalTensor*, const TfLiteEvalTensor*, TfLiteEvalTensor*)	912	static
../eiq/tensorflow-lite/tensorflow/lite/micro/kernels/cmsis-nn/mul.cpp:49:14:TfLiteStatus tflite::ops::micro::mul::CalculateOpData(TfLiteContext*, TfLiteNode*, TfLiteMulParams*, tflite::ops::micro::mul::OpData*)	56	static
../eiq/tensorflow-lite/tensorflow/lite/micro/kernels/cmsis-nn/mul.cpp:80:14:TfLiteStatus tflite::ops::micro::mul::Prepare(TfLiteContext*, TfLiteNode*)	24	static
../eiq/tensorflow-lite/tensorflow/lite/micro/kernels/cmsis-nn/mul.cpp:102:6:void tflite::ops::micro::mul::EvalQuantized(TfLiteContext*, TfLiteNode*, TfLiteMulParams*, const tflite::ops::micro::mul::OpData&, const TfLiteEvalTensor*, const TfLiteEvalTensor*, TfLiteEvalTensor*)	4	static
../eiq/tensorflow-lite/tensorflow/lite/micro/kernels/cmsis-nn/mul.cpp:154:6:void tflite::ops::micro::mul::EvalFloat(TfLiteContext*, TfLiteNode*, TfLiteMulParams*, const TfLiteEvalTensor*, const TfLiteEvalTensor*, TfLiteEvalTensor*)	568	static
../eiq/tensorflow-lite/tensorflow/lite/micro/kernels/cmsis-nn/mul.cpp:182:14:TfLiteStatus tflite::ops::micro::mul::Eval(TfLiteContext*, TfLiteNode*)	32	static
../eiq/tensorflow-lite/tensorflow/lite/micro/kernels/cmsis-nn/mul.cpp:213:20:TfLiteRegistration tflite::ops::micro::Register_MUL()	8	static
