/home/frank/Documents/MCUXpresso_11.5.1_7266/rockpaperscissors2/MaaXBoard-RT-V3-Tensorflow-Lite-from-Edge-Impulse/drivers/fsl_clock.h:2178:20:CLOCK_ControlGate	0	static
/home/frank/Documents/MCUXpresso_11.5.1_7266/rockpaperscissors2/MaaXBoard-RT-V3-Tensorflow-Lite-from-Edge-Impulse/drivers/fsl_clock.h:2196:20:CLOCK_EnableClock	8	static
/home/frank/Documents/MCUXpresso_11.5.1_7266/rockpaperscissors2/MaaXBoard-RT-V3-Tensorflow-Lite-from-Edge-Impulse/drivers/fsl_iomuxc.h:1633:20:IOMUXC_SetPinMux	4	static
/home/frank/Documents/MCUXpresso_11.5.1_7266/rockpaperscissors2/MaaXBoard-RT-V3-Tensorflow-Lite-from-Edge-Impulse/drivers/fsl_iomuxc.h:1665:20:IOMUXC_SetPinConfig	0	static
../board/pin_mux.c:45:6:BOARD_InitBootPins	8	static
../board/pin_mux.c:68:6:BOARD_InitLpuartPins	40	static
../board/pin_mux.c:133:6:BOARD_InitMipiPanelPins	40	static
../board/pin_mux.c:204:6:BOARD_InitMipiCameraPins	56	static
