../eiq/tensorflow-lite/tensorflow/lite/c/common.c:22:5:TfLiteIntArrayGetSizeInBytes	0	static
../eiq/tensorflow-lite/tensorflow/lite/c/common.c:27:5:TfLiteIntArrayEqual	8	static
../eiq/tensorflow-lite/tensorflow/lite/c/common.c:33:5:TfLiteIntArrayEqualsArray	8	static
../eiq/tensorflow-lite/tensorflow/lite/c/common.c:65:5:TfLiteFloatArrayGetSizeInBytes	0	static
../eiq/tensorflow-lite/tensorflow/lite/c/common.c:190:13:TfLiteTypeGetName	0	static
../eiq/tensorflow-lite/tensorflow/lite/c/common.c:222:16:TfLiteDelegateCreate	8	static
