../startup/startup_mimxrt1176_cm7.cpp:945:14:void NMI_Handler()	0	static
../startup/startup_mimxrt1176_cm7.cpp:949:14:void HardFault_Handler()	0	static
../startup/startup_mimxrt1176_cm7.cpp:953:14:void MemManage_Handler()	0	static
../startup/startup_mimxrt1176_cm7.cpp:957:14:void BusFault_Handler()	0	static
../startup/startup_mimxrt1176_cm7.cpp:961:14:void UsageFault_Handler()	0	static
../startup/startup_mimxrt1176_cm7.cpp:965:14:void SVC_Handler()	0	static
../startup/startup_mimxrt1176_cm7.cpp:969:14:void DebugMon_Handler()	0	static
../startup/startup_mimxrt1176_cm7.cpp:973:14:void PendSV_Handler()	0	static
../startup/startup_mimxrt1176_cm7.cpp:977:14:void SysTick_Handler()	0	static
../startup/startup_mimxrt1176_cm7.cpp:848:6:void ResetISR()	0	static
../startup/startup_mimxrt1176_cm7.cpp:804:6:void data_init(unsigned int, unsigned int, unsigned int)	12	static
../startup/startup_mimxrt1176_cm7.cpp:818:6:void bss_init(unsigned int, unsigned int)	8	static
../startup/startup_mimxrt1176_cm7.cpp:985:14:void IntDefaultHandler()	0	static
../startup/startup_mimxrt1176_cm7.cpp:995:11:void DMA0_DMA16_IRQHandler()	8	static
../startup/startup_mimxrt1176_cm7.cpp:999:11:void DMA1_DMA17_IRQHandler()	8	static
../startup/startup_mimxrt1176_cm7.cpp:1003:11:void DMA2_DMA18_IRQHandler()	8	static
../startup/startup_mimxrt1176_cm7.cpp:1007:11:void DMA3_DMA19_IRQHandler()	8	static
../startup/startup_mimxrt1176_cm7.cpp:1011:11:void DMA4_DMA20_IRQHandler()	8	static
../startup/startup_mimxrt1176_cm7.cpp:1015:11:void DMA5_DMA21_IRQHandler()	8	static
../startup/startup_mimxrt1176_cm7.cpp:1019:11:void DMA6_DMA22_IRQHandler()	8	static
../startup/startup_mimxrt1176_cm7.cpp:1023:11:void DMA7_DMA23_IRQHandler()	8	static
../startup/startup_mimxrt1176_cm7.cpp:1027:11:void DMA8_DMA24_IRQHandler()	8	static
../startup/startup_mimxrt1176_cm7.cpp:1031:11:void DMA9_DMA25_IRQHandler()	8	static
../startup/startup_mimxrt1176_cm7.cpp:1035:11:void DMA10_DMA26_IRQHandler()	8	static
../startup/startup_mimxrt1176_cm7.cpp:1039:11:void DMA11_DMA27_IRQHandler()	8	static
../startup/startup_mimxrt1176_cm7.cpp:1043:11:void DMA12_DMA28_IRQHandler()	8	static
../startup/startup_mimxrt1176_cm7.cpp:1047:11:void DMA13_DMA29_IRQHandler()	8	static
../startup/startup_mimxrt1176_cm7.cpp:1051:11:void DMA14_DMA30_IRQHandler()	8	static
../startup/startup_mimxrt1176_cm7.cpp:1055:11:void DMA15_DMA31_IRQHandler()	8	static
../startup/startup_mimxrt1176_cm7.cpp:1059:11:void DMA_ERROR_IRQHandler()	8	static
../startup/startup_mimxrt1176_cm7.cpp:1063:11:void CTI_TRIGGER_OUT0_IRQHandler()	8	static
../startup/startup_mimxrt1176_cm7.cpp:1067:11:void CTI_TRIGGER_OUT1_IRQHandler()	8	static
../startup/startup_mimxrt1176_cm7.cpp:1071:11:void CORE_IRQHandler()	8	static
../startup/startup_mimxrt1176_cm7.cpp:1075:11:void LPUART1_IRQHandler()	8	static
../startup/startup_mimxrt1176_cm7.cpp:1079:11:void LPUART2_IRQHandler()	8	static
../startup/startup_mimxrt1176_cm7.cpp:1083:11:void LPUART3_IRQHandler()	8	static
../startup/startup_mimxrt1176_cm7.cpp:1087:11:void LPUART4_IRQHandler()	8	static
../startup/startup_mimxrt1176_cm7.cpp:1091:11:void LPUART5_IRQHandler()	8	static
../startup/startup_mimxrt1176_cm7.cpp:1095:11:void LPUART6_IRQHandler()	8	static
../startup/startup_mimxrt1176_cm7.cpp:1099:11:void LPUART7_IRQHandler()	8	static
../startup/startup_mimxrt1176_cm7.cpp:1103:11:void LPUART8_IRQHandler()	8	static
../startup/startup_mimxrt1176_cm7.cpp:1107:11:void LPUART9_IRQHandler()	8	static
../startup/startup_mimxrt1176_cm7.cpp:1111:11:void LPUART10_IRQHandler()	8	static
../startup/startup_mimxrt1176_cm7.cpp:1115:11:void LPUART11_IRQHandler()	8	static
../startup/startup_mimxrt1176_cm7.cpp:1119:11:void LPUART12_IRQHandler()	8	static
../startup/startup_mimxrt1176_cm7.cpp:1123:11:void LPI2C1_IRQHandler()	8	static
../startup/startup_mimxrt1176_cm7.cpp:1127:11:void LPI2C2_IRQHandler()	8	static
../startup/startup_mimxrt1176_cm7.cpp:1131:11:void LPI2C3_IRQHandler()	8	static
../startup/startup_mimxrt1176_cm7.cpp:1135:11:void LPI2C4_IRQHandler()	8	static
../startup/startup_mimxrt1176_cm7.cpp:1139:11:void LPI2C5_IRQHandler()	8	static
../startup/startup_mimxrt1176_cm7.cpp:1143:11:void LPI2C6_IRQHandler()	8	static
../startup/startup_mimxrt1176_cm7.cpp:1147:11:void LPSPI1_IRQHandler()	8	static
../startup/startup_mimxrt1176_cm7.cpp:1151:11:void LPSPI2_IRQHandler()	8	static
../startup/startup_mimxrt1176_cm7.cpp:1155:11:void LPSPI3_IRQHandler()	8	static
../startup/startup_mimxrt1176_cm7.cpp:1159:11:void LPSPI4_IRQHandler()	8	static
../startup/startup_mimxrt1176_cm7.cpp:1163:11:void LPSPI5_IRQHandler()	8	static
../startup/startup_mimxrt1176_cm7.cpp:1167:11:void LPSPI6_IRQHandler()	8	static
../startup/startup_mimxrt1176_cm7.cpp:1171:11:void CAN1_IRQHandler()	8	static
../startup/startup_mimxrt1176_cm7.cpp:1175:11:void CAN1_ERROR_IRQHandler()	8	static
../startup/startup_mimxrt1176_cm7.cpp:1179:11:void CAN2_IRQHandler()	8	static
../startup/startup_mimxrt1176_cm7.cpp:1183:11:void CAN2_ERROR_IRQHandler()	8	static
../startup/startup_mimxrt1176_cm7.cpp:1187:11:void CAN3_IRQHandler()	8	static
../startup/startup_mimxrt1176_cm7.cpp:1191:11:void CAN3_ERROR_IRQHandler()	8	static
../startup/startup_mimxrt1176_cm7.cpp:1195:11:void FLEXRAM_IRQHandler()	8	static
../startup/startup_mimxrt1176_cm7.cpp:1199:11:void KPP_IRQHandler()	8	static
../startup/startup_mimxrt1176_cm7.cpp:1203:11:void Reserved68_IRQHandler()	8	static
../startup/startup_mimxrt1176_cm7.cpp:1207:11:void GPR_IRQ_IRQHandler()	8	static
../startup/startup_mimxrt1176_cm7.cpp:1211:11:void eLCDIF_IRQHandler()	8	static
../startup/startup_mimxrt1176_cm7.cpp:1215:11:void LCDIFv2_IRQHandler()	8	static
../startup/startup_mimxrt1176_cm7.cpp:1219:11:void CSI_IRQHandler()	8	static
../startup/startup_mimxrt1176_cm7.cpp:1223:11:void PXP_IRQHandler()	8	static
../startup/startup_mimxrt1176_cm7.cpp:1227:11:void MIPI_CSI_IRQHandler()	8	static
../startup/startup_mimxrt1176_cm7.cpp:1231:11:void MIPI_DSI_IRQHandler()	8	static
../startup/startup_mimxrt1176_cm7.cpp:1235:11:void GPU2D_IRQHandler()	8	static
../startup/startup_mimxrt1176_cm7.cpp:1239:11:void GPIO6_Combined_0_15_IRQHandler()	8	static
../startup/startup_mimxrt1176_cm7.cpp:1243:11:void GPIO6_Combined_16_31_IRQHandler()	8	static
../startup/startup_mimxrt1176_cm7.cpp:1247:11:void DAC_IRQHandler()	8	static
../startup/startup_mimxrt1176_cm7.cpp:1251:11:void KEY_MANAGER_IRQHandler()	8	static
../startup/startup_mimxrt1176_cm7.cpp:1255:11:void WDOG2_IRQHandler()	8	static
../startup/startup_mimxrt1176_cm7.cpp:1259:11:void SNVS_HP_NON_TZ_IRQHandler()	8	static
../startup/startup_mimxrt1176_cm7.cpp:1263:11:void SNVS_HP_TZ_IRQHandler()	8	static
../startup/startup_mimxrt1176_cm7.cpp:1267:11:void SNVS_PULSE_EVENT_IRQHandler()	8	static
../startup/startup_mimxrt1176_cm7.cpp:1271:11:void CAAM_IRQ0_IRQHandler()	8	static
../startup/startup_mimxrt1176_cm7.cpp:1275:11:void CAAM_IRQ1_IRQHandler()	8	static
../startup/startup_mimxrt1176_cm7.cpp:1279:11:void CAAM_IRQ2_IRQHandler()	8	static
../startup/startup_mimxrt1176_cm7.cpp:1283:11:void CAAM_IRQ3_IRQHandler()	8	static
../startup/startup_mimxrt1176_cm7.cpp:1287:11:void CAAM_RECORVE_ERRPR_IRQHandler()	8	static
../startup/startup_mimxrt1176_cm7.cpp:1291:11:void CAAM_RTIC_IRQHandler()	8	static
../startup/startup_mimxrt1176_cm7.cpp:1295:11:void CDOG_IRQHandler()	8	static
../startup/startup_mimxrt1176_cm7.cpp:1299:11:void SAI1_IRQHandler()	8	static
../startup/startup_mimxrt1176_cm7.cpp:1303:11:void SAI2_IRQHandler()	8	static
../startup/startup_mimxrt1176_cm7.cpp:1307:11:void SAI3_RX_IRQHandler()	8	static
../startup/startup_mimxrt1176_cm7.cpp:1311:11:void SAI3_TX_IRQHandler()	8	static
../startup/startup_mimxrt1176_cm7.cpp:1315:11:void SAI4_RX_IRQHandler()	8	static
../startup/startup_mimxrt1176_cm7.cpp:1319:11:void SAI4_TX_IRQHandler()	8	static
../startup/startup_mimxrt1176_cm7.cpp:1323:11:void SPDIF_IRQHandler()	8	static
../startup/startup_mimxrt1176_cm7.cpp:1327:11:void TMPSNS_INT_IRQHandler()	8	static
../startup/startup_mimxrt1176_cm7.cpp:1331:11:void TMPSNS_LOW_HIGH_IRQHandler()	8	static
../startup/startup_mimxrt1176_cm7.cpp:1335:11:void TMPSNS_PANIC_IRQHandler()	8	static
../startup/startup_mimxrt1176_cm7.cpp:1339:11:void LPSR_LP8_BROWNOUT_IRQHandler()	8	static
../startup/startup_mimxrt1176_cm7.cpp:1343:11:void LPSR_LP0_BROWNOUT_IRQHandler()	8	static
../startup/startup_mimxrt1176_cm7.cpp:1347:11:void ADC1_IRQHandler()	8	static
../startup/startup_mimxrt1176_cm7.cpp:1351:11:void ADC2_IRQHandler()	8	static
../startup/startup_mimxrt1176_cm7.cpp:1355:11:void USBPHY1_IRQHandler()	8	static
../startup/startup_mimxrt1176_cm7.cpp:1359:11:void USBPHY2_IRQHandler()	8	static
../startup/startup_mimxrt1176_cm7.cpp:1363:11:void RDC_IRQHandler()	8	static
../startup/startup_mimxrt1176_cm7.cpp:1367:11:void GPIO13_Combined_0_31_IRQHandler()	8	static
../startup/startup_mimxrt1176_cm7.cpp:1371:11:void Reserved110_IRQHandler()	8	static
../startup/startup_mimxrt1176_cm7.cpp:1375:11:void DCIC1_IRQHandler()	8	static
../startup/startup_mimxrt1176_cm7.cpp:1379:11:void DCIC2_IRQHandler()	8	static
../startup/startup_mimxrt1176_cm7.cpp:1383:11:void ASRC_IRQHandler()	8	static
../startup/startup_mimxrt1176_cm7.cpp:1387:11:void FLEXRAM_ECC_IRQHandler()	8	static
../startup/startup_mimxrt1176_cm7.cpp:1391:11:void CM7_GPIO2_3_IRQHandler()	8	static
../startup/startup_mimxrt1176_cm7.cpp:1395:11:void GPIO1_Combined_0_15_IRQHandler()	8	static
../startup/startup_mimxrt1176_cm7.cpp:1399:11:void GPIO1_Combined_16_31_IRQHandler()	8	static
../startup/startup_mimxrt1176_cm7.cpp:1403:11:void GPIO2_Combined_0_15_IRQHandler()	8	static
../startup/startup_mimxrt1176_cm7.cpp:1407:11:void GPIO2_Combined_16_31_IRQHandler()	8	static
../startup/startup_mimxrt1176_cm7.cpp:1411:11:void GPIO3_Combined_0_15_IRQHandler()	8	static
../startup/startup_mimxrt1176_cm7.cpp:1415:11:void GPIO3_Combined_16_31_IRQHandler()	8	static
../startup/startup_mimxrt1176_cm7.cpp:1419:11:void GPIO4_Combined_0_15_IRQHandler()	8	static
../startup/startup_mimxrt1176_cm7.cpp:1423:11:void GPIO4_Combined_16_31_IRQHandler()	8	static
../startup/startup_mimxrt1176_cm7.cpp:1427:11:void GPIO5_Combined_0_15_IRQHandler()	8	static
../startup/startup_mimxrt1176_cm7.cpp:1431:11:void GPIO5_Combined_16_31_IRQHandler()	8	static
../startup/startup_mimxrt1176_cm7.cpp:1435:11:void FLEXIO1_IRQHandler()	8	static
../startup/startup_mimxrt1176_cm7.cpp:1439:11:void FLEXIO2_IRQHandler()	8	static
../startup/startup_mimxrt1176_cm7.cpp:1443:11:void WDOG1_IRQHandler()	8	static
../startup/startup_mimxrt1176_cm7.cpp:1447:11:void RTWDOG3_IRQHandler()	8	static
../startup/startup_mimxrt1176_cm7.cpp:1451:11:void EWM_IRQHandler()	8	static
../startup/startup_mimxrt1176_cm7.cpp:1455:11:void OCOTP_READ_FUSE_ERROR_IRQHandler()	8	static
../startup/startup_mimxrt1176_cm7.cpp:1459:11:void OCOTP_READ_DONE_ERROR_IRQHandler()	8	static
../startup/startup_mimxrt1176_cm7.cpp:1463:11:void GPC_IRQHandler()	8	static
../startup/startup_mimxrt1176_cm7.cpp:1467:11:void MUA_IRQHandler()	8	static
../startup/startup_mimxrt1176_cm7.cpp:1471:11:void GPT1_IRQHandler()	8	static
../startup/startup_mimxrt1176_cm7.cpp:1475:11:void GPT2_IRQHandler()	8	static
../startup/startup_mimxrt1176_cm7.cpp:1479:11:void GPT3_IRQHandler()	8	static
../startup/startup_mimxrt1176_cm7.cpp:1483:11:void GPT4_IRQHandler()	8	static
../startup/startup_mimxrt1176_cm7.cpp:1487:11:void GPT5_IRQHandler()	8	static
../startup/startup_mimxrt1176_cm7.cpp:1491:11:void GPT6_IRQHandler()	8	static
../startup/startup_mimxrt1176_cm7.cpp:1495:11:void PWM1_0_IRQHandler()	8	static
../startup/startup_mimxrt1176_cm7.cpp:1499:11:void PWM1_1_IRQHandler()	8	static
../startup/startup_mimxrt1176_cm7.cpp:1503:11:void PWM1_2_IRQHandler()	8	static
../startup/startup_mimxrt1176_cm7.cpp:1507:11:void PWM1_3_IRQHandler()	8	static
../startup/startup_mimxrt1176_cm7.cpp:1511:11:void PWM1_FAULT_IRQHandler()	8	static
../startup/startup_mimxrt1176_cm7.cpp:1515:11:void FLEXSPI1_IRQHandler()	8	static
../startup/startup_mimxrt1176_cm7.cpp:1519:11:void FLEXSPI2_IRQHandler()	8	static
../startup/startup_mimxrt1176_cm7.cpp:1523:11:void SEMC_IRQHandler()	8	static
../startup/startup_mimxrt1176_cm7.cpp:1527:11:void USDHC1_IRQHandler()	8	static
../startup/startup_mimxrt1176_cm7.cpp:1531:11:void USDHC2_IRQHandler()	8	static
../startup/startup_mimxrt1176_cm7.cpp:1535:11:void USB_OTG2_IRQHandler()	8	static
../startup/startup_mimxrt1176_cm7.cpp:1539:11:void USB_OTG1_IRQHandler()	8	static
../startup/startup_mimxrt1176_cm7.cpp:1543:11:void ENET_IRQHandler()	8	static
../startup/startup_mimxrt1176_cm7.cpp:1547:11:void ENET_1588_Timer_IRQHandler()	8	static
../startup/startup_mimxrt1176_cm7.cpp:1551:11:void ENET_1G_MAC0_Tx_Rx_1_IRQHandler()	8	static
../startup/startup_mimxrt1176_cm7.cpp:1555:11:void ENET_1G_MAC0_Tx_Rx_2_IRQHandler()	8	static
../startup/startup_mimxrt1176_cm7.cpp:1559:11:void ENET_1G_IRQHandler()	8	static
../startup/startup_mimxrt1176_cm7.cpp:1563:11:void ENET_1G_1588_Timer_IRQHandler()	8	static
../startup/startup_mimxrt1176_cm7.cpp:1567:11:void XBAR1_IRQ_0_1_IRQHandler()	8	static
../startup/startup_mimxrt1176_cm7.cpp:1571:11:void XBAR1_IRQ_2_3_IRQHandler()	8	static
../startup/startup_mimxrt1176_cm7.cpp:1575:11:void ADC_ETC_IRQ0_IRQHandler()	8	static
../startup/startup_mimxrt1176_cm7.cpp:1579:11:void ADC_ETC_IRQ1_IRQHandler()	8	static
../startup/startup_mimxrt1176_cm7.cpp:1583:11:void ADC_ETC_IRQ2_IRQHandler()	8	static
../startup/startup_mimxrt1176_cm7.cpp:1587:11:void ADC_ETC_IRQ3_IRQHandler()	8	static
../startup/startup_mimxrt1176_cm7.cpp:1591:11:void ADC_ETC_ERROR_IRQ_IRQHandler()	8	static
../startup/startup_mimxrt1176_cm7.cpp:1595:11:void Reserved166_IRQHandler()	8	static
../startup/startup_mimxrt1176_cm7.cpp:1599:11:void Reserved167_IRQHandler()	8	static
../startup/startup_mimxrt1176_cm7.cpp:1603:11:void Reserved168_IRQHandler()	8	static
../startup/startup_mimxrt1176_cm7.cpp:1607:11:void Reserved169_IRQHandler()	8	static
../startup/startup_mimxrt1176_cm7.cpp:1611:11:void Reserved170_IRQHandler()	8	static
../startup/startup_mimxrt1176_cm7.cpp:1615:11:void PIT1_IRQHandler()	8	static
../startup/startup_mimxrt1176_cm7.cpp:1619:11:void PIT2_IRQHandler()	8	static
../startup/startup_mimxrt1176_cm7.cpp:1623:11:void ACMP1_IRQHandler()	8	static
../startup/startup_mimxrt1176_cm7.cpp:1627:11:void ACMP2_IRQHandler()	8	static
../startup/startup_mimxrt1176_cm7.cpp:1631:11:void ACMP3_IRQHandler()	8	static
../startup/startup_mimxrt1176_cm7.cpp:1635:11:void ACMP4_IRQHandler()	8	static
../startup/startup_mimxrt1176_cm7.cpp:1639:11:void Reserved177_IRQHandler()	8	static
../startup/startup_mimxrt1176_cm7.cpp:1643:11:void Reserved178_IRQHandler()	8	static
../startup/startup_mimxrt1176_cm7.cpp:1647:11:void Reserved179_IRQHandler()	8	static
../startup/startup_mimxrt1176_cm7.cpp:1651:11:void Reserved180_IRQHandler()	8	static
../startup/startup_mimxrt1176_cm7.cpp:1655:11:void ENC1_IRQHandler()	8	static
../startup/startup_mimxrt1176_cm7.cpp:1659:11:void ENC2_IRQHandler()	8	static
../startup/startup_mimxrt1176_cm7.cpp:1663:11:void ENC3_IRQHandler()	8	static
../startup/startup_mimxrt1176_cm7.cpp:1667:11:void ENC4_IRQHandler()	8	static
../startup/startup_mimxrt1176_cm7.cpp:1671:11:void Reserved185_IRQHandler()	8	static
../startup/startup_mimxrt1176_cm7.cpp:1675:11:void Reserved186_IRQHandler()	8	static
../startup/startup_mimxrt1176_cm7.cpp:1679:11:void TMR1_IRQHandler()	8	static
../startup/startup_mimxrt1176_cm7.cpp:1683:11:void TMR2_IRQHandler()	8	static
../startup/startup_mimxrt1176_cm7.cpp:1687:11:void TMR3_IRQHandler()	8	static
../startup/startup_mimxrt1176_cm7.cpp:1691:11:void TMR4_IRQHandler()	8	static
../startup/startup_mimxrt1176_cm7.cpp:1695:11:void SEMA4_CP0_IRQHandler()	8	static
../startup/startup_mimxrt1176_cm7.cpp:1699:11:void SEMA4_CP1_IRQHandler()	8	static
../startup/startup_mimxrt1176_cm7.cpp:1703:11:void PWM2_0_IRQHandler()	8	static
../startup/startup_mimxrt1176_cm7.cpp:1707:11:void PWM2_1_IRQHandler()	8	static
../startup/startup_mimxrt1176_cm7.cpp:1711:11:void PWM2_2_IRQHandler()	8	static
../startup/startup_mimxrt1176_cm7.cpp:1715:11:void PWM2_3_IRQHandler()	8	static
../startup/startup_mimxrt1176_cm7.cpp:1719:11:void PWM2_FAULT_IRQHandler()	8	static
../startup/startup_mimxrt1176_cm7.cpp:1723:11:void PWM3_0_IRQHandler()	8	static
../startup/startup_mimxrt1176_cm7.cpp:1727:11:void PWM3_1_IRQHandler()	8	static
../startup/startup_mimxrt1176_cm7.cpp:1731:11:void PWM3_2_IRQHandler()	8	static
../startup/startup_mimxrt1176_cm7.cpp:1735:11:void PWM3_3_IRQHandler()	8	static
../startup/startup_mimxrt1176_cm7.cpp:1739:11:void PWM3_FAULT_IRQHandler()	8	static
../startup/startup_mimxrt1176_cm7.cpp:1743:11:void PWM4_0_IRQHandler()	8	static
../startup/startup_mimxrt1176_cm7.cpp:1747:11:void PWM4_1_IRQHandler()	8	static
../startup/startup_mimxrt1176_cm7.cpp:1751:11:void PWM4_2_IRQHandler()	8	static
../startup/startup_mimxrt1176_cm7.cpp:1755:11:void PWM4_3_IRQHandler()	8	static
../startup/startup_mimxrt1176_cm7.cpp:1759:11:void PWM4_FAULT_IRQHandler()	8	static
../startup/startup_mimxrt1176_cm7.cpp:1763:11:void Reserved208_IRQHandler()	8	static
../startup/startup_mimxrt1176_cm7.cpp:1767:11:void Reserved209_IRQHandler()	8	static
../startup/startup_mimxrt1176_cm7.cpp:1771:11:void Reserved210_IRQHandler()	8	static
../startup/startup_mimxrt1176_cm7.cpp:1775:11:void Reserved211_IRQHandler()	8	static
../startup/startup_mimxrt1176_cm7.cpp:1779:11:void Reserved212_IRQHandler()	8	static
../startup/startup_mimxrt1176_cm7.cpp:1783:11:void Reserved213_IRQHandler()	8	static
../startup/startup_mimxrt1176_cm7.cpp:1787:11:void Reserved214_IRQHandler()	8	static
../startup/startup_mimxrt1176_cm7.cpp:1791:11:void Reserved215_IRQHandler()	8	static
../startup/startup_mimxrt1176_cm7.cpp:1795:11:void HWVAD_EVENT_IRQHandler()	8	static
../startup/startup_mimxrt1176_cm7.cpp:1799:11:void HWVAD_ERROR_IRQHandler()	8	static
../startup/startup_mimxrt1176_cm7.cpp:1803:11:void PDM_EVENT_IRQHandler()	8	static
../startup/startup_mimxrt1176_cm7.cpp:1807:11:void PDM_ERROR_IRQHandler()	8	static
../startup/startup_mimxrt1176_cm7.cpp:1811:11:void EMVSIM1_IRQHandler()	8	static
../startup/startup_mimxrt1176_cm7.cpp:1815:11:void EMVSIM2_IRQHandler()	8	static
../startup/startup_mimxrt1176_cm7.cpp:1819:11:void MECC1_INT_IRQHandler()	8	static
../startup/startup_mimxrt1176_cm7.cpp:1823:11:void MECC1_FATAL_INT_IRQHandler()	8	static
../startup/startup_mimxrt1176_cm7.cpp:1827:11:void MECC2_INT_IRQHandler()	8	static
../startup/startup_mimxrt1176_cm7.cpp:1831:11:void MECC2_FATAL_INT_IRQHandler()	8	static
../startup/startup_mimxrt1176_cm7.cpp:1835:11:void XECC_FLEXSPI1_INT_IRQHandler()	8	static
../startup/startup_mimxrt1176_cm7.cpp:1839:11:void XECC_FLEXSPI1_FATAL_INT_IRQHandler()	8	static
../startup/startup_mimxrt1176_cm7.cpp:1843:11:void XECC_FLEXSPI2_INT_IRQHandler()	8	static
../startup/startup_mimxrt1176_cm7.cpp:1847:11:void XECC_FLEXSPI2_FATAL_INT_IRQHandler()	8	static
../startup/startup_mimxrt1176_cm7.cpp:1851:11:void XECC_SEMC_INT_IRQHandler()	8	static
../startup/startup_mimxrt1176_cm7.cpp:1855:11:void XECC_SEMC_FATAL_INT_IRQHandler()	8	static
../startup/startup_mimxrt1176_cm7.cpp:1859:11:void ENET_QOS_IRQHandler()	8	static
../startup/startup_mimxrt1176_cm7.cpp:1863:11:void ENET_QOS_PMT_IRQHandler()	8	static
