/usr/local/mcuxpressoide-11.5.1_7266/ide/plugins/com.nxp.mcuxpresso.tools.linux_11.5.1.202201181444/tools/arm-none-eabi/include/c++/10.3.1/arm-none-eabi/thumb/v7e-m+dp/hard/bits/gthr-default.h:229:1:int __gthread_key_delete(__gthread_key_t)	16	static
/usr/local/mcuxpressoide-11.5.1_7266/ide/plugins/com.nxp.mcuxpresso.tools.linux_11.5.1.202201181444/tools/arm-none-eabi/include/c++/10.3.1/bits/stl_vector.h:288:7:std::_Vector_base<_Tp, _Alloc>::_Vector_base() [with _Tp = std::unique_ptr<TfLiteDelegate, void (*)(TfLiteDelegate*)>; _Alloc = std::allocator<std::unique_ptr<TfLiteDelegate, void (*)(TfLiteDelegate*)> >]	16	static
/usr/local/mcuxpressoide-11.5.1_7266/ide/plugins/com.nxp.mcuxpresso.tools.linux_11.5.1.202201181444/tools/arm-none-eabi/include/c++/10.3.1/bits/stl_vector.h:487:7:std::vector<_Tp, _Alloc>::vector() [with _Tp = std::unique_ptr<TfLiteDelegate, void (*)(TfLiteDelegate*)>; _Alloc = std::allocator<std::unique_ptr<TfLiteDelegate, void (*)(TfLiteDelegate*)> >]	16	static
/home/frank/Documents/MCUXpresso_11.5.1_7266/rockpaperscissors2/MaaXBoard-RT-V3-Tensorflow-Lite-from-Edge-Impulse/eiq/tensorflow-lite/tensorflow/lite/core/api/op_resolver.h:43:35:virtual tflite::OpResolver::TfLiteDelegatePtrVector tflite::OpResolver::GetDelegates(int) const	24	static
/home/frank/Documents/MCUXpresso_11.5.1_7266/rockpaperscissors2/MaaXBoard-RT-V3-Tensorflow-Lite-from-Edge-Impulse/eiq/tensorflow-lite/tensorflow/lite/core/api/op_resolver.h:47:11:tflite::OpResolver::~OpResolver()	16	static
/home/frank/Documents/MCUXpresso_11.5.1_7266/rockpaperscissors2/MaaXBoard-RT-V3-Tensorflow-Lite-from-Edge-Impulse/eiq/tensorflow-lite/tensorflow/lite/core/api/op_resolver.h:47:11:virtual tflite::OpResolver::~OpResolver()	16	static
/home/frank/Documents/MCUXpresso_11.5.1_7266/rockpaperscissors2/MaaXBoard-RT-V3-Tensorflow-Lite-from-Edge-Impulse/eiq/tensorflow-lite/tensorflow/lite/micro/micro_op_resolver.h:53:29:virtual const TfLiteRegistration* tflite::MicroOpResolver::FindOp(tflite::BuiltinOperator, int) const	24	static
/home/frank/Documents/MCUXpresso_11.5.1_7266/rockpaperscissors2/MaaXBoard-RT-V3-Tensorflow-Lite-from-Edge-Impulse/eiq/tensorflow-lite/tensorflow/lite/micro/micro_op_resolver.h:60:29:virtual const TfLiteRegistration* tflite::MicroOpResolver::FindOp(const char*, int) const	24	static
/home/frank/Documents/MCUXpresso_11.5.1_7266/rockpaperscissors2/MaaXBoard-RT-V3-Tensorflow-Lite-from-Edge-Impulse/eiq/tensorflow-lite/tensorflow/lite/micro/micro_op_resolver.h:68:3:tflite::MicroOpResolver::~MicroOpResolver()	16	static
/home/frank/Documents/MCUXpresso_11.5.1_7266/rockpaperscissors2/MaaXBoard-RT-V3-Tensorflow-Lite-from-Edge-Impulse/eiq/tensorflow-lite/tensorflow/lite/micro/micro_op_resolver.h:68:3:virtual tflite::MicroOpResolver::~MicroOpResolver()	16	static
../source/model/model_mobilenet_ops_micro.cpp:11:26:tflite::MicroOpResolver& MODEL_GetOpsResolver(tflite::ErrorReporter*)	16	static
/usr/local/mcuxpressoide-11.5.1_7266/ide/plugins/com.nxp.mcuxpresso.tools.linux_11.5.1.202201181444/tools/arm-none-eabi/include/c++/10.3.1/bits/stl_vector.h:131:2:std::_Vector_base<_Tp, _Alloc>::_Vector_impl::_Vector_impl() [with _Tp = std::unique_ptr<TfLiteDelegate, void (*)(TfLiteDelegate*)>; _Alloc = std::allocator<std::unique_ptr<TfLiteDelegate, void (*)(TfLiteDelegate*)> >]	16	static
/home/frank/Documents/MCUXpresso_11.5.1_7266/rockpaperscissors2/MaaXBoard-RT-V3-Tensorflow-Lite-from-Edge-Impulse/eiq/tensorflow-lite/tensorflow/lite/core/api/op_resolver.h:29:7:constexpr tflite::OpResolver::OpResolver()	16	static
/home/frank/Documents/MCUXpresso_11.5.1_7266/rockpaperscissors2/MaaXBoard-RT-V3-Tensorflow-Lite-from-Edge-Impulse/eiq/tensorflow-lite/tensorflow/lite/micro/micro_op_resolver.h:35:7:constexpr tflite::MicroOpResolver::MicroOpResolver()	16	static
/home/frank/Documents/MCUXpresso_11.5.1_7266/rockpaperscissors2/MaaXBoard-RT-V3-Tensorflow-Lite-from-Edge-Impulse/eiq/tensorflow-lite/tensorflow/lite/micro/micro_mutable_op_resolver.h:37:12:tflite::MicroMutableOpResolver<tOpCount>::MicroMutableOpResolver(tflite::ErrorReporter*) [with unsigned int tOpCount = 6]	16	static
/home/frank/Documents/MCUXpresso_11.5.1_7266/rockpaperscissors2/MaaXBoard-RT-V3-Tensorflow-Lite-from-Edge-Impulse/eiq/tensorflow-lite/tensorflow/lite/micro/micro_mutable_op_resolver.h:131:16:TfLiteStatus tflite::MicroMutableOpResolver<tOpCount>::AddAveragePool2D() [with unsigned int tOpCount = 6]	48	static
/home/frank/Documents/MCUXpresso_11.5.1_7266/rockpaperscissors2/MaaXBoard-RT-V3-Tensorflow-Lite-from-Edge-Impulse/eiq/tensorflow-lite/tensorflow/lite/micro/micro_mutable_op_resolver.h:153:16:TfLiteStatus tflite::MicroMutableOpResolver<tOpCount>::AddConv2D() [with unsigned int tOpCount = 6]	48	static
/home/frank/Documents/MCUXpresso_11.5.1_7266/rockpaperscissors2/MaaXBoard-RT-V3-Tensorflow-Lite-from-Edge-Impulse/eiq/tensorflow-lite/tensorflow/lite/micro/micro_mutable_op_resolver.h:162:16:TfLiteStatus tflite::MicroMutableOpResolver<tOpCount>::AddDepthwiseConv2D() [with unsigned int tOpCount = 6]	48	static
/home/frank/Documents/MCUXpresso_11.5.1_7266/rockpaperscissors2/MaaXBoard-RT-V3-Tensorflow-Lite-from-Edge-Impulse/eiq/tensorflow-lite/tensorflow/lite/micro/micro_mutable_op_resolver.h:167:16:TfLiteStatus tflite::MicroMutableOpResolver<tOpCount>::AddDequantize() [with unsigned int tOpCount = 6]	48	static
/home/frank/Documents/MCUXpresso_11.5.1_7266/rockpaperscissors2/MaaXBoard-RT-V3-Tensorflow-Lite-from-Edge-Impulse/eiq/tensorflow-lite/tensorflow/lite/micro/micro_mutable_op_resolver.h:326:16:TfLiteStatus tflite::MicroMutableOpResolver<tOpCount>::AddReshape() [with unsigned int tOpCount = 6]	48	static
/home/frank/Documents/MCUXpresso_11.5.1_7266/rockpaperscissors2/MaaXBoard-RT-V3-Tensorflow-Lite-from-Edge-Impulse/eiq/tensorflow-lite/tensorflow/lite/micro/micro_mutable_op_resolver.h:356:16:TfLiteStatus tflite::MicroMutableOpResolver<tOpCount>::AddSoftmax() [with unsigned int tOpCount = 6]	48	static
/usr/local/mcuxpressoide-11.5.1_7266/ide/plugins/com.nxp.mcuxpresso.tools.linux_11.5.1.202201181444/tools/arm-none-eabi/include/c++/10.3.1/bits/allocator.h:164:7:std::allocator< <template-parameter-1-1> >::allocator() [with _Tp = std::unique_ptr<TfLiteDelegate, void (*)(TfLiteDelegate*)>]	16	static
/usr/local/mcuxpressoide-11.5.1_7266/ide/plugins/com.nxp.mcuxpresso.tools.linux_11.5.1.202201181444/tools/arm-none-eabi/include/c++/10.3.1/bits/stl_vector.h:97:2:std::_Vector_base<_Tp, _Alloc>::_Vector_impl_data::_Vector_impl_data() [with _Tp = std::unique_ptr<TfLiteDelegate, void (*)(TfLiteDelegate*)>; _Alloc = std::allocator<std::unique_ptr<TfLiteDelegate, void (*)(TfLiteDelegate*)> >]	16	static
/home/frank/Documents/MCUXpresso_11.5.1_7266/rockpaperscissors2/MaaXBoard-RT-V3-Tensorflow-Lite-from-Edge-Impulse/eiq/tensorflow-lite/tensorflow/lite/micro/micro_mutable_op_resolver.h:411:16:TfLiteStatus tflite::MicroMutableOpResolver<tOpCount>::AddBuiltin(tflite::BuiltinOperator, const TfLiteRegistration&, tflite::MicroOpResolver::BuiltinParseFunction) [with unsigned int tOpCount = 6]	32	static
/usr/local/mcuxpressoide-11.5.1_7266/ide/plugins/com.nxp.mcuxpresso.tools.linux_11.5.1.202201181444/tools/arm-none-eabi/include/c++/10.3.1/ext/new_allocator.h:79:7:__gnu_cxx::new_allocator<_Tp>::new_allocator() [with _Tp = std::unique_ptr<TfLiteDelegate, void (*)(TfLiteDelegate*)>]	16	static
/home/frank/Documents/MCUXpresso_11.5.1_7266/rockpaperscissors2/MaaXBoard-RT-V3-Tensorflow-Lite-from-Edge-Impulse/eiq/tensorflow-lite/tensorflow/lite/micro/micro_mutable_op_resolver.h:40:29:const TfLiteRegistration* tflite::MicroMutableOpResolver<tOpCount>::FindOp(tflite::BuiltinOperator) const [with unsigned int tOpCount = 6]	24	static
/home/frank/Documents/MCUXpresso_11.5.1_7266/rockpaperscissors2/MaaXBoard-RT-V3-Tensorflow-Lite-from-Edge-Impulse/eiq/tensorflow-lite/tensorflow/lite/micro/micro_mutable_op_resolver.h:35:7:tflite::MicroMutableOpResolver<6>::~MicroMutableOpResolver()	16	static
/home/frank/Documents/MCUXpresso_11.5.1_7266/rockpaperscissors2/MaaXBoard-RT-V3-Tensorflow-Lite-from-Edge-Impulse/eiq/tensorflow-lite/tensorflow/lite/micro/micro_mutable_op_resolver.h:35:7:virtual tflite::MicroMutableOpResolver<6>::~MicroMutableOpResolver()	16	static
/home/frank/Documents/MCUXpresso_11.5.1_7266/rockpaperscissors2/MaaXBoard-RT-V3-Tensorflow-Lite-from-Edge-Impulse/eiq/tensorflow-lite/tensorflow/lite/micro/micro_mutable_op_resolver.h:409:3:static void tflite::MicroMutableOpResolver<tOpCount>::operator delete(void*) [with unsigned int tOpCount = 6]	16	static
/home/frank/Documents/MCUXpresso_11.5.1_7266/rockpaperscissors2/MaaXBoard-RT-V3-Tensorflow-Lite-from-Edge-Impulse/eiq/tensorflow-lite/tensorflow/lite/micro/micro_mutable_op_resolver.h:52:29:const TfLiteRegistration* tflite::MicroMutableOpResolver<tOpCount>::FindOp(const char*) const [with unsigned int tOpCount = 6]	24	static
/home/frank/Documents/MCUXpresso_11.5.1_7266/rockpaperscissors2/MaaXBoard-RT-V3-Tensorflow-Lite-from-Edge-Impulse/eiq/tensorflow-lite/tensorflow/lite/micro/micro_mutable_op_resolver.h:63:41:TfLiteStatus (* tflite::MicroMutableOpResolver<tOpCount>::GetOpDataParser(tflite::BuiltinOperator) const)(const tflite::Operator*, tflite::ErrorReporter*, tflite::BuiltinDataAllocator*, void**) [with unsigned int tOpCount = 6]	24	static
