/home/frank/Documents/MCUXpresso_11.5.1_7266/rockpaperscissors2/MaaXBoard-RT-V3-Tensorflow-Lite-from-Edge-Impulse/eiq/tensorflow-lite/tensorflow/lite/core/api/error_reporter.h:37:11:tflite::ErrorReporter::~ErrorReporter()	16	static
/home/frank/Documents/MCUXpresso_11.5.1_7266/rockpaperscissors2/MaaXBoard-RT-V3-Tensorflow-Lite-from-Edge-Impulse/eiq/tensorflow-lite/tensorflow/lite/core/api/error_reporter.h:37:11:virtual tflite::ErrorReporter::~ErrorReporter()	16	static
/home/frank/Documents/MCUXpresso_11.5.1_7266/rockpaperscissors2/MaaXBoard-RT-V3-Tensorflow-Lite-from-Edge-Impulse/eiq/tensorflow-lite/tensorflow/lite/micro/micro_error_reporter.h:27:3:tflite::MicroErrorReporter::~MicroErrorReporter()	16	static
/home/frank/Documents/MCUXpresso_11.5.1_7266/rockpaperscissors2/MaaXBoard-RT-V3-Tensorflow-Lite-from-Edge-Impulse/eiq/tensorflow-lite/tensorflow/lite/micro/micro_error_reporter.h:27:3:virtual tflite::MicroErrorReporter::~MicroErrorReporter()	16	static
/home/frank/Documents/MCUXpresso_11.5.1_7266/rockpaperscissors2/MaaXBoard-RT-V3-Tensorflow-Lite-from-Edge-Impulse/eiq/tensorflow-lite/tensorflow/lite/micro/micro_error_reporter.h:31:3:static void tflite::MicroErrorReporter::operator delete(void*)	16	static
/usr/local/mcuxpressoide-11.5.1_7266/ide/plugins/com.nxp.mcuxpresso.tools.linux_11.5.1.202201181444/tools/arm-none-eabi/include/c++/10.3.1/arm-none-eabi/thumb/v7e-m+dp/hard/bits/gthr-default.h:229:1:int __gthread_key_delete(__gthread_key_t)	16	static
/home/frank/Documents/MCUXpresso_11.5.1_7266/rockpaperscissors2/MaaXBoard-RT-V3-Tensorflow-Lite-from-Edge-Impulse/eiq/tensorflow-lite/third_party/flatbuffers/include/flatbuffers/flatbuffers.h:75:13:void flatbuffers::EndianCheck()	16	static
/home/frank/Documents/MCUXpresso_11.5.1_7266/rockpaperscissors2/MaaXBoard-RT-V3-Tensorflow-Lite-from-Edge-Impulse/eiq/tensorflow-lite/third_party/flatbuffers/include/flatbuffers/flatbuffers.h:2436:18:const uint8_t* flatbuffers::Table::GetVTable() const	24	static
/home/frank/Documents/MCUXpresso_11.5.1_7266/rockpaperscissors2/MaaXBoard-RT-V3-Tensorflow-Lite-from-Edge-Impulse/eiq/tensorflow-lite/third_party/flatbuffers/include/flatbuffers/flatbuffers.h:2442:13:flatbuffers::voffset_t flatbuffers::Table::GetOptionalFieldOffset(flatbuffers::voffset_t) const	24	static
/home/frank/Documents/MCUXpresso_11.5.1_7266/rockpaperscissors2/MaaXBoard-RT-V3-Tensorflow-Lite-from-Edge-Impulse/eiq/tensorflow-lite/tensorflow/lite/schema/schema_generated.h:10910:12:uint32_t tflite::Model::version() const	16	static
/home/frank/Documents/MCUXpresso_11.5.1_7266/rockpaperscissors2/MaaXBoard-RT-V3-Tensorflow-Lite-from-Edge-Impulse/eiq/tensorflow-lite/tensorflow/lite/schema/schema_generated.h:16698:29:const tflite::Model* tflite::GetModel(const void*)	16	static
../source/model/model.cpp:44:10:status_t MODEL_Init()	40	static
../source/model/model.cpp:93:10:status_t MODEL_RunInference()	8	static
../source/model/model.cpp:104:10:uint8_t* GetTensorData(TfLiteTensor*, tensor_dims_t*, tensor_type_t*)	32	static
../source/model/model.cpp:131:10:uint8_t* MODEL_GetInputTensorData(tensor_dims_t*, tensor_type_t*)	16	static
../source/model/model.cpp:136:10:uint8_t* MODEL_GetOutputTensorData(tensor_dims_t*, tensor_type_t*)	24	static
../source/model/model.cpp:144:6:void MODEL_ConvertInput(uint8_t*, tensor_dims_t*, tensor_type_t)	40	static
../source/model/model.cpp:170:13:const char* MODEL_GetModelName()	4	static
/home/frank/Documents/MCUXpresso_11.5.1_7266/rockpaperscissors2/MaaXBoard-RT-V3-Tensorflow-Lite-from-Edge-Impulse/eiq/tensorflow-lite/third_party/flatbuffers/include/flatbuffers/base.h:380:24:T flatbuffers::EndianScalar(T) [with T = long unsigned int]	16	static
/home/frank/Documents/MCUXpresso_11.5.1_7266/rockpaperscissors2/MaaXBoard-RT-V3-Tensorflow-Lite-from-Edge-Impulse/eiq/tensorflow-lite/third_party/flatbuffers/include/flatbuffers/base.h:391:3:T flatbuffers::ReadScalar(const void*) [with T = short unsigned int]	16	static
/home/frank/Documents/MCUXpresso_11.5.1_7266/rockpaperscissors2/MaaXBoard-RT-V3-Tensorflow-Lite-from-Edge-Impulse/eiq/tensorflow-lite/third_party/flatbuffers/include/flatbuffers/base.h:391:3:T flatbuffers::ReadScalar(const void*) [with T = long unsigned int]	16	static
/home/frank/Documents/MCUXpresso_11.5.1_7266/rockpaperscissors2/MaaXBoard-RT-V3-Tensorflow-Lite-from-Edge-Impulse/eiq/tensorflow-lite/third_party/flatbuffers/include/flatbuffers/base.h:391:3:T flatbuffers::ReadScalar(const void*) [with T = long int]	16	static
/home/frank/Documents/MCUXpresso_11.5.1_7266/rockpaperscissors2/MaaXBoard-RT-V3-Tensorflow-Lite-from-Edge-Impulse/eiq/tensorflow-lite/third_party/flatbuffers/include/flatbuffers/flatbuffers.h:2452:26:T flatbuffers::Table::GetField(flatbuffers::voffset_t, T) const [with T = long unsigned int]	32	static
/home/frank/Documents/MCUXpresso_11.5.1_7266/rockpaperscissors2/MaaXBoard-RT-V3-Tensorflow-Lite-from-Edge-Impulse/eiq/tensorflow-lite/third_party/flatbuffers/include/flatbuffers/flatbuffers.h:2104:31:const T* flatbuffers::GetRoot(const void*) [with T = tflite::Model]	16	static
/home/frank/Documents/MCUXpresso_11.5.1_7266/rockpaperscissors2/MaaXBoard-RT-V3-Tensorflow-Lite-from-Edge-Impulse/eiq/tensorflow-lite/third_party/flatbuffers/include/flatbuffers/base.h:380:24:T flatbuffers::EndianScalar(T) [with T = long int]	16	static
/home/frank/Documents/MCUXpresso_11.5.1_7266/rockpaperscissors2/MaaXBoard-RT-V3-Tensorflow-Lite-from-Edge-Impulse/eiq/tensorflow-lite/third_party/flatbuffers/include/flatbuffers/base.h:380:24:T flatbuffers::EndianScalar(T) [with T = short unsigned int]	16	static
/home/frank/Documents/MCUXpresso_11.5.1_7266/rockpaperscissors2/MaaXBoard-RT-V3-Tensorflow-Lite-from-Edge-Impulse/eiq/tensorflow-lite/third_party/flatbuffers/include/flatbuffers/flatbuffers.h:2097:25:T* flatbuffers::GetMutableRoot(void*) [with T = tflite::Model]	16	static
