../drivers/fsl_pxp.c:280:6:PXP_Init	0	static
../drivers/fsl_pxp.c:297:6:PXP_Deinit	0	static
../drivers/fsl_pxp.c:312:6:PXP_Reset	0	static
../drivers/fsl_pxp.c:324:6:PXP_SetAlphaSurfaceBufferConfig	4	static
../drivers/fsl_pxp.c:340:6:PXP_SetAlphaSurfaceBlendConfig	4	static
../drivers/fsl_pxp.c:368:6:PXP_SetAlphaSurfacePosition	4	static
../drivers/fsl_pxp.c:389:6:PXP_SetAlphaSurfaceOverlayColorKey	0	static
../drivers/fsl_pxp.c:401:6:PXP_SetProcessSurfaceBufferConfig	4	static
../drivers/fsl_pxp.c:425:6:PXP_SetProcessSurfaceScaler	4	static
../drivers/fsl_pxp.c:449:6:PXP_SetProcessSurfacePosition	4	static
../drivers/fsl_pxp.c:466:6:PXP_SetProcessSurfaceColorKey	0	static
../drivers/fsl_pxp.c:478:6:PXP_SetOutputBufferConfig	8	static
../drivers/fsl_pxp.c:521:6:PXP_SetNextCommand	0	static
../drivers/fsl_pxp.c:584:6:PXP_SetCsc1Mode	4	static
../drivers/fsl_pxp.c:791:6:PXP_SetPorterDuffConfig	0	static
../drivers/fsl_pxp.c:814:10:PXP_GetPorterDuffConfig	4	static
../drivers/fsl_pxp.c:974:10:PXP_StartPictureCopy	36	static
../drivers/fsl_pxp.c:1014:10:PXP_StartMemCopy	16	static
