../drivers/fsl_dcdc.c:88:6:DCDC_Init	0	static
../drivers/fsl_dcdc.c:116:6:DCDC_Deinit	0	static
../drivers/fsl_dcdc.c:139:6:DCDC_GetDefaultConfig	0	static
../drivers/fsl_dcdc.c:170:6:DCDC_GetDefaultDetectionConfig	0	static
../drivers/fsl_dcdc.c:193:6:DCDC_SetDetectionConfig	4	static
../drivers/fsl_dcdc.c:242:6:DCDC_SetClockSource	0	static
../drivers/fsl_dcdc.c:280:6:DCDC_GetDefaultLowPowerConfig	0	static
../drivers/fsl_dcdc.c:295:6:DCDC_SetLowPowerConfig	0	static
../drivers/fsl_dcdc.c:328:6:DCDC_GetDefaultLoopControlConfig	0	static
../drivers/fsl_dcdc.c:351:6:DCDC_SetLoopControlConfig	4	static
../drivers/fsl_dcdc.c:404:6:DCDC_SetMinPowerConfig	0	static
../drivers/fsl_dcdc.c:424:6:DCDC_SetInternalRegulatorConfig	0	static
../drivers/fsl_dcdc.c:444:6:DCDC_SetPointInit	8	static
../drivers/fsl_dcdc.c:495:6:DCDC_BootIntoDCM	0	static
../drivers/fsl_dcdc.c:514:6:DCDC_BootIntoCCM	0	static
