../drivers/fsl_mipi_dsi.c:1260:6:DSI_TransferHandleIRQ	8	static
../drivers/fsl_mipi_dsi.c:204:10:DSI_GetInstance	0	static
../drivers/fsl_mipi_dsi.c:366:6:DSI_Init	16	static
../drivers/fsl_mipi_dsi.c:429:6:DSI_Deinit	0	static
../drivers/fsl_mipi_dsi.c:453:6:DSI_GetDefaultConfig	0	static
../drivers/fsl_mipi_dsi.c:483:6:DSI_SetDpiConfig	16	static
../drivers/fsl_mipi_dsi.c:576:10:DSI_InitDphy	56	static
../drivers/fsl_mipi_dsi.c:654:6:DSI_DeinitDphy	0	static
../drivers/fsl_mipi_dsi.c:676:6:DSI_GetDphyDefaultConfig	16	static
../drivers/fsl_mipi_dsi.c:781:6:DSI_SetApbPacketControl	0	static
../drivers/fsl_mipi_dsi.c:812:6:DSI_WriteApbTxPayload	8	static
../drivers/fsl_mipi_dsi.c:817:6:DSI_WriteApbTxPayloadExt	8	static
../drivers/fsl_mipi_dsi.c:962:6:DSI_ReadApbRxPayload	20	static
../drivers/fsl_mipi_dsi.c:1006:10:DSI_TransferBlocking	32	static
../drivers/fsl_mipi_dsi.c:1138:10:DSI_TransferCreateHandle	24	static
../drivers/fsl_mipi_dsi.c:1180:10:DSI_TransferNonBlocking	32	static
../drivers/fsl_mipi_dsi.c:1225:6:DSI_TransferAbort	4	static
../drivers/fsl_mipi_dsi.c:1315:6:MIPI_DriverIRQHandler	0	static
