../drivers/fsl_lpi2c.c:2081:6:LPI2C_SlaveTransferHandleIRQ	16	static
../drivers/fsl_lpi2c.c:1494:6:LPI2C_MasterTransferHandleIRQ	36	static
../drivers/fsl_lpi2c.c:123:10:LPI2C_GetInstance	0	static
../drivers/fsl_lpi2c.c:190:10:LPI2C_MasterCheckAndClearError	0	static
../drivers/fsl_lpi2c.c:292:10:LPI2C_CheckForBusyBus	0	static
../drivers/fsl_lpi2c.c:329:6:LPI2C_MasterGetDefaultConfig	0	static
../drivers/fsl_lpi2c.c:457:6:LPI2C_MasterDeinit	0	static
../drivers/fsl_lpi2c.c:482:6:LPI2C_MasterConfigureDataMatch	4	static
../drivers/fsl_lpi2c.c:513:6:LPI2C_MasterSetBaudRate	48	static
../drivers/fsl_lpi2c.c:362:6:LPI2C_MasterInit	24	static
../drivers/fsl_lpi2c.c:652:10:LPI2C_MasterStart	8	static
../drivers/fsl_lpi2c.c:689:10:LPI2C_MasterStop	0	static
../drivers/fsl_lpi2c.c:750:10:LPI2C_MasterReceive	8	static
../drivers/fsl_lpi2c.c:852:10:LPI2C_MasterSend	4	static
../drivers/fsl_lpi2c.c:891:10:LPI2C_MasterTransferBlocking	48	static
../drivers/fsl_lpi2c.c:1008:6:LPI2C_MasterTransferCreateHandle	24	static
../drivers/fsl_lpi2c.c:1334:10:LPI2C_MasterTransferNonBlocking	20	static
../drivers/fsl_lpi2c.c:1396:10:LPI2C_MasterTransferGetCount	12	static
../drivers/fsl_lpi2c.c:1464:6:LPI2C_MasterTransferAbort	4	static
../drivers/fsl_lpi2c.c:1564:6:LPI2C_SlaveGetDefaultConfig	8	static
../drivers/fsl_lpi2c.c:1600:6:LPI2C_SlaveInit	12	static
../drivers/fsl_lpi2c.c:1656:6:LPI2C_SlaveDeinit	0	static
../drivers/fsl_lpi2c.c:1723:10:LPI2C_SlaveSend	12	static
../drivers/fsl_lpi2c.c:1810:10:LPI2C_SlaveReceive	12	static
../drivers/fsl_lpi2c.c:1904:6:LPI2C_SlaveTransferCreateHandle	24	static
../drivers/fsl_lpi2c.c:1961:10:LPI2C_SlaveTransferNonBlocking	4	static
../drivers/fsl_lpi2c.c:2018:10:LPI2C_SlaveTransferGetCount	0	static
../drivers/fsl_lpi2c.c:2053:6:LPI2C_SlaveTransferAbort	8	static
../drivers/fsl_lpi2c.c:2267:6:LPI2C1_DriverIRQHandler	8	static
../drivers/fsl_lpi2c.c:2276:6:LPI2C2_DriverIRQHandler	8	static
../drivers/fsl_lpi2c.c:2285:6:LPI2C3_DriverIRQHandler	8	static
../drivers/fsl_lpi2c.c:2294:6:LPI2C4_DriverIRQHandler	8	static
../drivers/fsl_lpi2c.c:2303:6:LPI2C5_DriverIRQHandler	8	static
../drivers/fsl_lpi2c.c:2312:6:LPI2C6_DriverIRQHandler	8	static
