../eiq/tensorflow-lite/tensorflow/lite/kernels/internal/quantization_util.cpp:53:6:void tflite::QuantizeMultiplier(double, int32_t*, int*)	16	static
../eiq/tensorflow-lite/tensorflow/lite/kernels/internal/quantization_util.cpp:93:6:void tflite::QuantizeMultiplierGreaterThanOne(double, int32_t*, int*)	16	static
../eiq/tensorflow-lite/tensorflow/lite/kernels/internal/quantization_util.cpp:101:6:void tflite::QuantizeMultiplierSmallerThanOneExp(double, int32_t*, int*)	24	static
../eiq/tensorflow-lite/tensorflow/lite/kernels/internal/quantization_util.cpp:112:9:int64_t tflite::IntegerFrExp(double, int*)	0	static
../eiq/tensorflow-lite/tensorflow/lite/kernels/internal/quantization_util.cpp:178:8:double tflite::DoubleFromFractionAndShift(int64_t, int)	12	static
../eiq/tensorflow-lite/tensorflow/lite/kernels/internal/quantization_util.cpp:225:8:double tflite::IntegerDoubleMultiply(double, double)	20	static
../eiq/tensorflow-lite/tensorflow/lite/kernels/internal/quantization_util.cpp:240:5:int tflite::IntegerDoubleCompare(double, double)	12	static
../eiq/tensorflow-lite/tensorflow/lite/kernels/internal/quantization_util.cpp:269:6:void tflite::PreprocessSoftmaxScaling(double, double, int, int32_t*, int*)	16	static
../eiq/tensorflow-lite/tensorflow/lite/kernels/internal/quantization_util.cpp:300:6:void tflite::PreprocessLogSoftmaxScalingExp(double, double, int, int32_t*, int*, int32_t*, int*)	24	static
../eiq/tensorflow-lite/tensorflow/lite/kernels/internal/quantization_util.cpp:317:5:int tflite::CalculateInputRadius(int, int, int)	24	static
../eiq/tensorflow-lite/tensorflow/lite/kernels/internal/quantization_util.cpp:336:6:void tflite::NudgeQuantizationRange(float, float, int, int, float*, float*, float*)	8	static
../eiq/tensorflow-lite/tensorflow/lite/kernels/internal/quantization_util.cpp:357:6:void tflite::FakeQuantizeArray(float, float, float, const float*, float*, float)	0	static
../eiq/tensorflow-lite/tensorflow/lite/kernels/internal/quantization_util.cpp:374:6:bool tflite::CheckedLog2(float, int*)	8	static
../eiq/tensorflow-lite/tensorflow/lite/kernels/internal/quantization_util.cpp:386:6:void tflite::QuantizeMultiplierArray(const double*, size_t, int32_t*, int*)	40	static
