/home/frank/Documents/MCUXpresso_11.5.1_7266/rockpaperscissors2/MaaXBoard-RT-V3-Tensorflow-Lite-from-Edge-Impulse/eiq/tensorflow-lite/tensorflow/lite/micro/recording_micro_allocator.h:55:7:virtual tflite::RecordingMicroAllocator::~RecordingMicroAllocator()	8	static
../eiq/tensorflow-lite/tensorflow/lite/micro/recording_micro_allocator.cpp:26:1:tflite::RecordingMicroAllocator::RecordingMicroAllocator(tflite::RecordingSimpleMemoryAllocator*, tflite::ErrorReporter*)	16	static
../eiq/tensorflow-lite/tensorflow/lite/micro/recording_micro_allocator.cpp:32:26:static tflite::RecordingMicroAllocator* tflite::RecordingMicroAllocator::Create(uint8_t*, size_t, tflite::ErrorReporter*)	16	static
../eiq/tensorflow-lite/tensorflow/lite/micro/recording_micro_allocator.cpp:48:20:tflite::RecordedAllocation tflite::RecordingMicroAllocator::GetRecordedAllocation(tflite::RecordedAllocationType) const	16	static
../eiq/tensorflow-lite/tensorflow/lite/micro/recording_micro_allocator.cpp:72:1:const tflite::RecordingSimpleMemoryAllocator* tflite::RecordingMicroAllocator::GetSimpleMemoryAllocator() const	0	static
../eiq/tensorflow-lite/tensorflow/lite/micro/recording_micro_allocator.cpp:76:6:void tflite::RecordingMicroAllocator::PrintAllocations() const	40	static
../eiq/tensorflow-lite/tensorflow/lite/micro/recording_micro_allocator.cpp:116:6:void tflite::RecordingMicroAllocator::PrintRecordedAllocation(tflite::RecordedAllocationType, const char*, const char*) const	48	static
../eiq/tensorflow-lite/tensorflow/lite/micro/recording_micro_allocator.cpp:224:20:tflite::RecordedAllocation tflite::RecordingMicroAllocator::SnapshotAllocationUsage() const	16	static
../eiq/tensorflow-lite/tensorflow/lite/micro/recording_micro_allocator.cpp:230:6:void tflite::RecordingMicroAllocator::RecordAllocationUsage(const tflite::RecordedAllocation&, tflite::RecordedAllocation&)	16	static
../eiq/tensorflow-lite/tensorflow/lite/micro/recording_micro_allocator.cpp:108:7:virtual void* tflite::RecordingMicroAllocator::AllocatePersistentBuffer(size_t)	24	static
../eiq/tensorflow-lite/tensorflow/lite/micro/recording_micro_allocator.cpp:132:14:virtual TfLiteStatus tflite::RecordingMicroAllocator::AllocateNodeAndRegistrations(const tflite::Model*, tflite::NodeAndRegistration**)	32	static
../eiq/tensorflow-lite/tensorflow/lite/micro/recording_micro_allocator.cpp:156:1:virtual TfLiteStatus tflite::RecordingMicroAllocator::PrepareNodeAndRegistrationDataFromFlatbuffer(const tflite::Model*, const tflite::MicroOpResolver&, tflite::NodeAndRegistration*)	40	static
../eiq/tensorflow-lite/tensorflow/lite/micro/recording_micro_allocator.cpp:169:14:virtual TfLiteStatus tflite::RecordingMicroAllocator::AllocateTfLiteEvalTensors(const tflite::Model*, TfLiteEvalTensor**)	32	static
../eiq/tensorflow-lite/tensorflow/lite/micro/recording_micro_allocator.cpp:188:14:virtual TfLiteStatus tflite::RecordingMicroAllocator::AllocateVariables(const tflite::SubGraph*, TfLiteEvalTensor*)	32	static
../eiq/tensorflow-lite/tensorflow/lite/micro/recording_micro_allocator.cpp:200:15:virtual TfLiteTensor* tflite::RecordingMicroAllocator::AllocatePersistentTfLiteTensorInternal(const tflite::Model*, TfLiteEvalTensor*, int)	40	static
../eiq/tensorflow-lite/tensorflow/lite/micro/recording_micro_allocator.cpp:211:14:virtual TfLiteStatus tflite::RecordingMicroAllocator::PopulateTfLiteTensorFromFlatbuffer(const tflite::Model*, const tflite::SubGraph*, TfLiteTensor*, int, bool)	48	static
