/home/frank/Documents/MCUXpresso_11.5.1_7266/rockpaperscissors2/MaaXBoard-RT-V3-Tensorflow-Lite-from-Edge-Impulse/eiq/tensorflow-lite/tensorflow/lite/kernels/kernel_util.h:152:12:int tflite::NumInputs(const TfLiteNode*)	16	static
/home/frank/Documents/MCUXpresso_11.5.1_7266/rockpaperscissors2/MaaXBoard-RT-V3-Tensorflow-Lite-from-Edge-Impulse/eiq/tensorflow-lite/tensorflow/lite/kernels/kernel_util.h:153:12:int tflite::NumOutputs(const TfLiteNode*)	16	static
/home/frank/Documents/MCUXpresso_11.5.1_7266/rockpaperscissors2/MaaXBoard-RT-V3-Tensorflow-Lite-from-Edge-Impulse/eiq/tensorflow-lite/tensorflow/lite/kernels/kernel_util.h:161:16:int64_t tflite::NumElements(const TfLiteIntArray*)	40	static
/home/frank/Documents/MCUXpresso_11.5.1_7266/rockpaperscissors2/MaaXBoard-RT-V3-Tensorflow-Lite-from-Edge-Impulse/eiq/tensorflow-lite/tensorflow/lite/kernels/kernel_util.h:169:16:int64_t tflite::NumElements(const TfLiteTensor*)	16	static
/home/frank/Documents/MCUXpresso_11.5.1_7266/rockpaperscissors2/MaaXBoard-RT-V3-Tensorflow-Lite-from-Edge-Impulse/eiq/tensorflow-lite/tensorflow/lite/micro/kernels/kernel_util.h:30:26:TfLiteEvalTensor* tflite::micro::GetMutableEvalInput(const TfLiteContext*, const TfLiteNode*, int)	24	static
/home/frank/Documents/MCUXpresso_11.5.1_7266/rockpaperscissors2/MaaXBoard-RT-V3-Tensorflow-Lite-from-Edge-Impulse/eiq/tensorflow-lite/tensorflow/lite/micro/kernels/kernel_util.h:39:32:const TfLiteEvalTensor* tflite::micro::GetEvalInput(const TfLiteContext*, const TfLiteNode*, int)	24	static
/home/frank/Documents/MCUXpresso_11.5.1_7266/rockpaperscissors2/MaaXBoard-RT-V3-Tensorflow-Lite-from-Edge-Impulse/eiq/tensorflow-lite/tensorflow/lite/micro/kernels/kernel_util.h:45:26:TfLiteEvalTensor* tflite::micro::GetEvalOutput(const TfLiteContext*, const TfLiteNode*, int)	24	static
/usr/local/mcuxpressoide-11.5.1_7266/ide/plugins/com.nxp.mcuxpresso.tools.linux_11.5.1.202201181444/tools/arm-none-eabi/include/c++/10.3.1/arm-none-eabi/thumb/v7e-m+dp/hard/bits/gthr-default.h:229:1:int __gthread_key_delete(__gthread_key_t)	16	static
../eiq/tensorflow-lite/tensorflow/lite/micro/kernels/reshape.cpp:33:14:TfLiteStatus tflite::ops::micro::reshape::ReshapeOutput(TfLiteContext*, TfLiteNode*)	72	static
../eiq/tensorflow-lite/tensorflow/lite/micro/kernels/reshape.cpp:74:14:TfLiteStatus tflite::ops::micro::reshape::Prepare(TfLiteContext*, TfLiteNode*)	40	static
../eiq/tensorflow-lite/tensorflow/lite/micro/kernels/reshape.cpp:81:14:TfLiteStatus tflite::ops::micro::reshape::Eval(TfLiteContext*, TfLiteNode*)	40	static
../eiq/tensorflow-lite/tensorflow/lite/micro/kernels/reshape.cpp:105:20:TfLiteRegistration tflite::ops::micro::Register_RESHAPE()	24	static
