/usr/local/mcuxpressoide-11.5.1_7266/ide/plugins/com.nxp.mcuxpresso.tools.linux_11.5.1.202201181444/tools/arm-none-eabi/include/c++/10.3.1/limits:525:7:static constexpr signed char std::numeric_limits<signed char>::min()	4	static
/usr/local/mcuxpressoide-11.5.1_7266/ide/plugins/com.nxp.mcuxpresso.tools.linux_11.5.1.202201181444/tools/arm-none-eabi/include/c++/10.3.1/limits:528:7:static constexpr signed char std::numeric_limits<signed char>::max()	4	static
/usr/local/mcuxpressoide-11.5.1_7266/ide/plugins/com.nxp.mcuxpresso.tools.linux_11.5.1.202201181444/tools/arm-none-eabi/include/c++/10.3.1/limits:595:7:static constexpr unsigned char std::numeric_limits<unsigned char>::min()	4	static
/usr/local/mcuxpressoide-11.5.1_7266/ide/plugins/com.nxp.mcuxpresso.tools.linux_11.5.1.202201181444/tools/arm-none-eabi/include/c++/10.3.1/limits:598:7:static constexpr unsigned char std::numeric_limits<unsigned char>::max()	4	static
/usr/local/mcuxpressoide-11.5.1_7266/ide/plugins/com.nxp.mcuxpresso.tools.linux_11.5.1.202201181444/tools/arm-none-eabi/include/c++/10.3.1/limits:925:7:static constexpr short int std::numeric_limits<short int>::min()	4	static
/usr/local/mcuxpressoide-11.5.1_7266/ide/plugins/com.nxp.mcuxpresso.tools.linux_11.5.1.202201181444/tools/arm-none-eabi/include/c++/10.3.1/limits:928:7:static constexpr short int std::numeric_limits<short int>::max()	4	static
/usr/local/mcuxpressoide-11.5.1_7266/ide/plugins/com.nxp.mcuxpresso.tools.linux_11.5.1.202201181444/tools/arm-none-eabi/include/c++/10.3.1/bits/std_abs.h:71:3:constexpr double std::abs(double)	16	static
/usr/local/mcuxpressoide-11.5.1_7266/ide/plugins/com.nxp.mcuxpresso.tools.linux_11.5.1.202201181444/tools/arm-none-eabi/include/c++/10.3.1/arm-none-eabi/thumb/v7e-m+dp/hard/bits/gthr-default.h:229:1:int __gthread_key_delete(__gthread_key_t)	16	static
/usr/local/mcuxpressoide-11.5.1_7266/ide/plugins/com.nxp.mcuxpresso.tools.linux_11.5.1.202201181444/tools/arm-none-eabi/include/c++/10.3.1/cmath:1756:3:constexpr float std::round(float)	16	static
../eiq/tensorflow-lite/tensorflow/lite/kernels/kernel_utils.cpp:34:22:TfLiteTensor* tflite::{anonymous}::GetTensorAtIndex(const TfLiteContext*, int)	16	static
../eiq/tensorflow-lite/tensorflow/lite/kernels/kernel_utils.cpp:44:21:TfLiteStatus tflite::{anonymous}::ValidateTensorIndexingSafe(const TfLiteContext*, int, int, const int*, int*)	32	static
../eiq/tensorflow-lite/tensorflow/lite/kernels/kernel_utils.cpp:67:12:int tflite::{anonymous}::ValidateTensorIndexing(const TfLiteContext*, int, int, const int*)	32	static
../eiq/tensorflow-lite/tensorflow/lite/kernels/kernel_utils.cpp:78:22:TfLiteTensor* tflite::{anonymous}::GetMutableInput(const TfLiteContext*, const TfLiteNode*, int)	32	static
../eiq/tensorflow-lite/tensorflow/lite/kernels/kernel_utils.cpp:88:21:TfLiteStatus tflite::{anonymous}::GetMutableInputSafe(const TfLiteContext*, const TfLiteNode*, int, const TfLiteTensor**)	40	static
../eiq/tensorflow-lite/tensorflow/lite/kernels/kernel_utils.cpp:101:21:const TfLiteTensor* tflite::GetInput(const TfLiteContext*, const TfLiteNode*, int)	24	static
../eiq/tensorflow-lite/tensorflow/lite/kernels/kernel_utils.cpp:106:14:TfLiteStatus tflite::GetInputSafe(const TfLiteContext*, const TfLiteNode*, int, const TfLiteTensor**)	24	static
../eiq/tensorflow-lite/tensorflow/lite/kernels/kernel_utils.cpp:111:15:TfLiteTensor* tflite::GetVariableInput(TfLiteContext*, const TfLiteNode*, int)	32	static
../eiq/tensorflow-lite/tensorflow/lite/kernels/kernel_utils.cpp:117:15:TfLiteTensor* tflite::GetOutput(TfLiteContext*, const TfLiteNode*, int)	32	static
../eiq/tensorflow-lite/tensorflow/lite/kernels/kernel_utils.cpp:127:14:TfLiteStatus tflite::GetOutputSafe(const TfLiteContext*, const TfLiteNode*, int, TfLiteTensor**)	40	static
../eiq/tensorflow-lite/tensorflow/lite/kernels/kernel_utils.cpp:137:21:const TfLiteTensor* tflite::GetOptionalInputTensor(const TfLiteContext*, const TfLiteNode*, int)	24	static
../eiq/tensorflow-lite/tensorflow/lite/kernels/kernel_utils.cpp:187:14:TfLiteStatus tflite::PopulateConvolutionQuantizationParams(TfLiteContext*, const TfLiteTensor*, const TfLiteTensor*, const TfLiteTensor*, TfLiteTensor*, const TfLiteFusedActivation&, int32_t*, int*, int32_t*, int32_t*, int32_t*, int*)	72	static
../eiq/tensorflow-lite/tensorflow/lite/kernels/kernel_utils.cpp:202:14:TfLiteStatus tflite::PopulateConvolutionQuantizationParams(TfLiteContext*, const TfLiteTensor*, const TfLiteTensor*, const TfLiteTensor*, TfLiteTensor*, const TfLiteFusedActivation&, int32_t*, int*, int32_t*, int32_t*, int32_t*, int*, int)	128	static
../eiq/tensorflow-lite/tensorflow/lite/kernels/kernel_utils.cpp:277:14:TfLiteStatus tflite::GetQuantizedConvolutionMultipler(TfLiteContext*, const TfLiteTensor*, const TfLiteTensor*, const TfLiteTensor*, TfLiteTensor*, double*)	72	static
../eiq/tensorflow-lite/tensorflow/lite/kernels/kernel_utils.cpp:315:14:TfLiteStatus tflite::GetQuantizedConvolutionMultipler(TfLiteContext*, const TfLiteTensor*, const TfLiteTensor*, TfLiteTensor*, double*)	48	static
../eiq/tensorflow-lite/tensorflow/lite/kernels/kernel_utils.cpp:336:19:tflite::{anonymous}::CalculateActivationRangeQuantizedImpl(TfLiteFusedActivation, int32_t, int32_t, TfLiteTensor*, int32_t*, int32_t*)::<lambda(float)>	16	static
../eiq/tensorflow-lite/tensorflow/lite/kernels/kernel_utils.cpp:329:6:void tflite::{anonymous}::CalculateActivationRangeQuantizedImpl(TfLiteFusedActivation, int32_t, int32_t, TfLiteTensor*, int32_t*, int32_t*)	64	static
../eiq/tensorflow-lite/tensorflow/lite/kernels/kernel_utils.cpp:356:14:TfLiteStatus tflite::CalculateActivationRangeQuantized(TfLiteContext*, TfLiteFusedActivation, TfLiteTensor*, int32_t*, int32_t*)	48	static
../eiq/tensorflow-lite/tensorflow/lite/kernels/kernel_utils.cpp:381:6:bool tflite::HaveSameShapes(const TfLiteTensor*, const TfLiteTensor*)	16	static
/usr/local/mcuxpressoide-11.5.1_7266/ide/plugins/com.nxp.mcuxpresso.tools.linux_11.5.1.202201181444/tools/arm-none-eabi/include/c++/10.3.1/bits/stl_algobase.h:230:5:const _Tp& std::min(const _Tp&, const _Tp&) [with _Tp = long int]	16	static
/home/frank/Documents/MCUXpresso_11.5.1_7266/rockpaperscissors2/MaaXBoard-RT-V3-Tensorflow-Lite-from-Edge-Impulse/eiq/tensorflow-lite/tensorflow/lite/kernels/internal/cppmath.h:36:1:T tflite::TfLiteRound(T) [with T = float]	16	static
/usr/local/mcuxpressoide-11.5.1_7266/ide/plugins/com.nxp.mcuxpresso.tools.linux_11.5.1.202201181444/tools/arm-none-eabi/include/c++/10.3.1/bits/stl_algobase.h:254:5:const _Tp& std::max(const _Tp&, const _Tp&) [with _Tp = long int]	16	static
