/home/frank/Documents/MCUXpresso_11.5.1_7266/rockpaperscissors2/MaaXBoard-RT-V3-Tensorflow-Lite-from-Edge-Impulse/eiq/tensorflow-lite/tensorflow/lite/core/api/error_reporter.h:37:11:tflite::ErrorReporter::~ErrorReporter()	16	static
/home/frank/Documents/MCUXpresso_11.5.1_7266/rockpaperscissors2/MaaXBoard-RT-V3-Tensorflow-Lite-from-Edge-Impulse/eiq/tensorflow-lite/tensorflow/lite/core/api/error_reporter.h:37:11:virtual tflite::ErrorReporter::~ErrorReporter()	16	static
/home/frank/Documents/MCUXpresso_11.5.1_7266/rockpaperscissors2/MaaXBoard-RT-V3-Tensorflow-Lite-from-Edge-Impulse/eiq/tensorflow-lite/tensorflow/lite/micro/micro_error_reporter.h:27:3:tflite::MicroErrorReporter::~MicroErrorReporter()	16	static
/home/frank/Documents/MCUXpresso_11.5.1_7266/rockpaperscissors2/MaaXBoard-RT-V3-Tensorflow-Lite-from-Edge-Impulse/eiq/tensorflow-lite/tensorflow/lite/micro/micro_error_reporter.h:27:3:virtual tflite::MicroErrorReporter::~MicroErrorReporter()	16	static
/home/frank/Documents/MCUXpresso_11.5.1_7266/rockpaperscissors2/MaaXBoard-RT-V3-Tensorflow-Lite-from-Edge-Impulse/eiq/tensorflow-lite/tensorflow/lite/micro/micro_error_reporter.h:31:3:static void tflite::MicroErrorReporter::operator delete(void*)	16	static
../eiq/tensorflow-lite/tensorflow/lite/micro/micro_error_reporter.cpp:27:5:virtual int tflite::MicroErrorReporter::Report(const char*, va_list)	280	static
