../drivers/fsl_clock.h:2178:20:CLOCK_ControlGate	0	static
../drivers/fsl_clock.h:2196:20:CLOCK_EnableClock	8	static
../drivers/fsl_clock.h:2206:20:CLOCK_DisableClock	8	static
../drivers/fsl_mipi_dsi.h:504:20:DSI_EnableInterrupts	8	static
../drivers/fsl_mipi_dsi.h:519:20:DSI_DisableInterrupts	8	static
../drivers/fsl_mipi_dsi.h:532:20:DSI_GetAndClearInterruptStatus	0	static
../drivers/fsl_mipi_dsi.h:618:20:DSI_SendApbPacket	0	static
../drivers/fsl_mipi_dsi.h:691:24:DSI_GetRxPacketHeader	0	static
../drivers/fsl_mipi_dsi.h:704:34:DSI_GetRxPacketType	0	static
../drivers/fsl_mipi_dsi.c:204:10:DSI_GetInstance	8	static
../drivers/fsl_mipi_dsi.c:223:16:DSI_EncodeDphyPllCn	8	static
../drivers/fsl_mipi_dsi.c:237:16:DSI_EncodeDphyPllCm	8	static
../drivers/fsl_mipi_dsi.c:259:17:DSI_DphyGetPllDivider	32	static
../drivers/fsl_mipi_dsi.c:344:13:DSI_ApbClearRxFifo	8	static
../drivers/fsl_mipi_dsi.c:366:6:DSI_Init	16	static
../drivers/fsl_mipi_dsi.c:429:6:DSI_Deinit	8	static
../drivers/fsl_mipi_dsi.c:453:6:DSI_GetDefaultConfig	8	static
../drivers/fsl_mipi_dsi.c:483:6:DSI_SetDpiConfig	8	static
../drivers/fsl_mipi_dsi.c:576:10:DSI_InitDphy	48	static
../drivers/fsl_mipi_dsi.c:654:6:DSI_DeinitDphy	0	static
../drivers/fsl_mipi_dsi.c:676:6:DSI_GetDphyDefaultConfig	16	static
../drivers/fsl_mipi_dsi.c:781:6:DSI_SetApbPacketControl	0	static
../drivers/fsl_mipi_dsi.c:812:6:DSI_WriteApbTxPayload	16	static
../drivers/fsl_mipi_dsi.c:817:6:DSI_WriteApbTxPayloadExt	16	static
../drivers/fsl_mipi_dsi.c:883:17:DSI_PrepareApbTransfer	32	static
../drivers/fsl_mipi_dsi.c:962:6:DSI_ReadApbRxPayload	4	static
../drivers/fsl_mipi_dsi.c:1006:10:DSI_TransferBlocking	32	static
../drivers/fsl_mipi_dsi.c:1062:17:DSI_HandleResult	16	static
../drivers/fsl_mipi_dsi.c:1138:10:DSI_TransferCreateHandle	24	static
../drivers/fsl_mipi_dsi.c:1180:10:DSI_TransferNonBlocking	16	static
../drivers/fsl_mipi_dsi.c:1225:6:DSI_TransferAbort	8	static
../drivers/fsl_mipi_dsi.c:1260:6:DSI_TransferHandleIRQ	24	static
../drivers/fsl_mipi_dsi.c:1315:6:MIPI_DriverIRQHandler	8	static
