../drivers/fsl_clock.h:2071:24:CLOCK_GetRootClockMux	0	static
../drivers/fsl_clock.h:2112:24:CLOCK_GetRootClockDiv	0	static
../drivers/fsl_clock.h:2178:20:CLOCK_ControlGate	0	static
../drivers/fsl_clock.h:2196:20:CLOCK_EnableClock	8	static
../drivers/fsl_clock.h:2239:24:CLOCK_GetRootClockFreq	16	static
../drivers/fsl_clock.h:2253:24:CLOCK_GetM7Freq	8	static
../drivers/fsl_clock.h:3135:20:CLOCK_ROOT_ControlByUnassignedMode	0	static
../drivers/fsl_clock.h:3150:20:CLOCK_ROOT_ConfigSetPoint	8	static
../drivers/fsl_clock.h:3169:20:CLOCK_ROOT_EnableSetPointControl	0	static
../drivers/fsl_clock.c:118:6:CLOCK_InitArmPll	16	static
../drivers/fsl_clock.c:175:6:CLOCK_DeinitArmPll	0	static
../drivers/fsl_clock.c:184:6:CLOCK_CalcPllSpreadSpectrum	8	static
../drivers/fsl_clock.c:193:6:CLOCK_InitSysPll2	16	static
../drivers/fsl_clock.c:273:6:CLOCK_DeinitSysPll2	0	static
../drivers/fsl_clock.c:294:6:CLOCK_IsSysPll2PfdEnabled	0	static
../drivers/fsl_clock.c:302:6:CLOCK_InitPfd	32	static
../drivers/fsl_clock.c:352:10:CLOCK_GetPfdFreq	8	static
../drivers/fsl_clock.c:404:6:CLOCK_InitSysPll3	16	static
../drivers/fsl_clock.c:462:6:CLOCK_DeinitSysPll3	0	static
../drivers/fsl_clock.c:481:6:CLOCK_IsSysPll3PfdEnabled	0	static
../drivers/fsl_clock.c:487:6:CLOCK_SetPllBypass	8	static
../drivers/fsl_clock.c:518:13:ANATOP_PllSetPower	8	static
../drivers/fsl_clock.c:524:13:ANATOP_PllBypass	8	static
../drivers/fsl_clock.c:529:13:ANATOP_PllEnablePllReg	8	static
../drivers/fsl_clock.c:534:13:ANATOP_PllHoldRingOff	8	static
../drivers/fsl_clock.c:539:13:ANATOP_PllToggleHoldRingOff	16	static
../drivers/fsl_clock.c:546:13:ANATOP_PllEnableSs	8	static
../drivers/fsl_clock.c:551:13:ANATOP_PllEnableClk	8	static
../drivers/fsl_clock.c:556:13:ANATOP_PllConfigure	32	static
../drivers/fsl_clock.c:581:13:ANATOP_AudioPllGate	0	static
../drivers/fsl_clock.c:593:13:ANATOP_AudioPllSwEnClk	0	static
../drivers/fsl_clock.c:605:10:CLOCK_InitAudioPllWithFreq	40	static
../drivers/fsl_clock.c:624:6:CLOCK_InitAudioPll	24	static
../drivers/fsl_clock.c:675:6:CLOCK_DeinitAudioPll	8	static
../drivers/fsl_clock.c:685:6:CLOCK_GPC_SetAudioPllOutputFreq	8	static
../drivers/fsl_clock.c:701:13:ANATOP_VideoPllGate	0	static
../drivers/fsl_clock.c:713:13:ANATOP_VideoPllSwEnClk	0	static
../drivers/fsl_clock.c:725:10:CLOCK_CalcArmPllFreq	8	static
../drivers/fsl_clock.c:773:10:CLOCK_InitArmPllWithFreq	16	static
../drivers/fsl_clock.c:784:10:CLOCK_CalcAvPllFreq	8	static
../drivers/fsl_clock.c:854:10:CLOCK_InitVideoPllWithFreq	40	static
../drivers/fsl_clock.c:873:6:CLOCK_InitVideoPll	24	static
../drivers/fsl_clock.c:924:6:CLOCK_DeinitVideoPll	8	static
../drivers/fsl_clock.c:934:6:CLOCK_GPC_SetVideoPllOutputFreq	8	static
../drivers/fsl_clock.c:951:13:ANATOP_SysPll1Gate	0	static
../drivers/fsl_clock.c:963:13:ANATOP_SysPll1Div2En	0	static
../drivers/fsl_clock.c:975:13:ANATOP_SysPll1Div5En	0	static
../drivers/fsl_clock.c:987:13:ANATOP_SysPll1SwEnClk	0	static
../drivers/fsl_clock.c:999:13:ANATOP_SysPll1WaitStable	0	static
../drivers/fsl_clock.c:1010:6:CLOCK_InitSysPll1	16	static
../drivers/fsl_clock.c:1054:6:CLOCK_DeinitSysPll1	8	static
../drivers/fsl_clock.c:1066:6:CLOCK_GPC_SetSysPll1OutputFreq	8	static
../drivers/fsl_clock.c:1083:6:CLOCK_OSC_EnableOsc24M	0	static
../drivers/fsl_clock.c:1101:6:CLOCK_OSC_SetOsc24MWorkMode	0	static
../drivers/fsl_clock.c:1123:6:CLOCK_OSC_SetOsc16MConfig	4	static
../drivers/fsl_clock.c:1142:6:CLOCK_OSC_SetOscRc400MRefClkDiv	8	static
../drivers/fsl_clock.c:1157:6:CLOCK_OSC_SetOscRc400MFastClkCount	8	static
../drivers/fsl_clock.c:1176:6:CLOCK_OSC_SetOscRc400MHysteresisValue	16	static
../drivers/fsl_clock.c:1194:6:CLOCK_OSC_BypassOscRc400MTuneLogic	8	static
../drivers/fsl_clock.c:1213:6:CLOCK_OSC_EnableOscRc400MTuneLogic	8	static
../drivers/fsl_clock.c:1232:6:CLOCK_OSC_FreezeOscRc400MTuneValue	8	static
../drivers/fsl_clock.c:1249:6:CLOCK_OSC_SetOscRc400MTuneValue	8	static
../drivers/fsl_clock.c:1267:6:CLOCK_OSC_Set1MHzOutputBehavior	8	static
../drivers/fsl_clock.c:1294:6:CLOCK_OSC_SetLocked1MHzCount	8	static
../drivers/fsl_clock.c:1321:6:CLOCK_OSC_CheckLocked1MHzErrorFlag	8	static
../drivers/fsl_clock.c:1333:6:CLOCK_OSC_ClearLocked1MHzErrorFlag	8	static
../drivers/fsl_clock.c:1343:10:CLOCK_OSC_GetCurrentOscRc400MFastClockCount	8	static
../drivers/fsl_clock.c:1357:9:CLOCK_OSC_GetCurrentOscRc400MTuneValue	8	static
../drivers/fsl_clock.c:1367:17:CLOCK_GetAvPllFreq	24	static
../drivers/fsl_clock.c:1391:10:CLOCK_GetPllFreq	8	static
../drivers/fsl_clock.c:1457:10:CLOCK_GetFreq	8	static
../drivers/fsl_clock.c:1568:6:CLOCK_SetGroupConfig	8	static
../drivers/fsl_clock.c:1577:6:CLOCK_OSC_TrimOscRc400M	8	static
../drivers/fsl_clock.c:1589:6:CLOCK_OSC_EnableOscRc400M	0	static
../drivers/fsl_clock.c:1595:10:CLOCK_GetFreqFromObs	8	static
../drivers/fsl_clock.c:1624:6:CLOCK_EnableUsbhs0Clock	0	static
../drivers/fsl_clock.c:1637:6:CLOCK_EnableUsbhs0PhyPllClock	8	static
../drivers/fsl_clock.c:1735:6:CLOCK_DisableUsbhs0PhyPllClock	0	static
../drivers/fsl_clock.c:1740:6:CLOCK_EnableUsbhs1Clock	0	static
../drivers/fsl_clock.c:1744:6:CLOCK_EnableUsbhs1PhyPllClock	8	static
../drivers/fsl_clock.c:1830:6:CLOCK_DisableUsbhs1PhyPllClock	0	static
../drivers/fsl_clock.c:1836:6:CLOCK_OSCPLL_ControlBySetPointMode	4	static
../drivers/fsl_clock.c:1847:6:CLOCK_OSCPLL_ControlByCpuLowPowerMode	8	static
../drivers/fsl_clock.c:1864:6:CLOCK_ROOT_ControlBySetPointMode	16	static
../drivers/fsl_clock.c:1879:6:CLOCK_LPCG_ControlBySetPointMode	4	static
../drivers/fsl_clock.c:1890:6:CLOCK_LPCG_ControlByCpuLowPowerMode	8	static
