/home/frank/Documents/MCUXpresso_11.5.1_7266/rockpaperscissors2/MaaXBoard-RT-V3-Tensorflow-Lite-from-Edge-Impulse/CMSIS/core_cm7.h:1890:26:__NVIC_GetPriorityGrouping	4	static
/home/frank/Documents/MCUXpresso_11.5.1_7266/rockpaperscissors2/MaaXBoard-RT-V3-Tensorflow-Lite-from-Edge-Impulse/CMSIS/core_cm7.h:2032:22:__NVIC_SetPriority	16	static
/home/frank/Documents/MCUXpresso_11.5.1_7266/rockpaperscissors2/MaaXBoard-RT-V3-Tensorflow-Lite-from-Edge-Impulse/CMSIS/core_cm7.h:2079:26:NVIC_EncodePriority	40	static
/home/frank/Documents/MCUXpresso_11.5.1_7266/rockpaperscissors2/MaaXBoard-RT-V3-Tensorflow-Lite-from-Edge-Impulse/CMSIS/core_cm7.h:2629:26:SysTick_Config	8	static
../source/timer.c:36:6:SysTick_Handler	0	static
../source/timer.c:41:6:TIMER_Init	8	static
../source/timer.c:48:5:TIMER_GetTimeInUS	0	static
/usr/local/mcuxpressoide-11.5.1_7266/ide/plugins/com.nxp.mcuxpresso.tools.linux_11.5.1.202201181444/tools/arm-none-eabi/include/sys/time.h:432:5:gettimeofday	8	static
