/usr/local/mcuxpressoide-11.5.1_7266/ide/plugins/com.nxp.mcuxpresso.tools.linux_11.5.1.202201181444/tools/arm-none-eabi/include/c++/10.3.1/limits:1672:7:static constexpr float std::numeric_limits<float>::max()	4	static
/usr/local/mcuxpressoide-11.5.1_7266/ide/plugins/com.nxp.mcuxpresso.tools.linux_11.5.1.202201181444/tools/arm-none-eabi/include/c++/10.3.1/limits:1676:7:static constexpr float std::numeric_limits<float>::lowest()	4	static
/home/frank/Documents/MCUXpresso_11.5.1_7266/rockpaperscissors2/MaaXBoard-RT-V3-Tensorflow-Lite-from-Edge-Impulse/eiq/tensorflow-lite/tensorflow/lite/kernels/internal/types.h:142:3:tflite::RuntimeShape::RuntimeShape()	16	static
/home/frank/Documents/MCUXpresso_11.5.1_7266/rockpaperscissors2/MaaXBoard-RT-V3-Tensorflow-Lite-from-Edge-Impulse/eiq/tensorflow-lite/tensorflow/lite/kernels/internal/types.h:161:3:tflite::RuntimeShape::RuntimeShape(int, const int32_t*)	24	static
/home/frank/Documents/MCUXpresso_11.5.1_7266/rockpaperscissors2/MaaXBoard-RT-V3-Tensorflow-Lite-from-Edge-Impulse/eiq/tensorflow-lite/tensorflow/lite/kernels/internal/types.h:184:3:tflite::RuntimeShape::~RuntimeShape()	16	static
/home/frank/Documents/MCUXpresso_11.5.1_7266/rockpaperscissors2/MaaXBoard-RT-V3-Tensorflow-Lite-from-Edge-Impulse/eiq/tensorflow-lite/tensorflow/lite/kernels/internal/types.h:194:18:int32_t tflite::RuntimeShape::DimensionsCount() const	16	static
/home/frank/Documents/MCUXpresso_11.5.1_7266/rockpaperscissors2/MaaXBoard-RT-V3-Tensorflow-Lite-from-Edge-Impulse/eiq/tensorflow-lite/tensorflow/lite/kernels/internal/types.h:195:18:int32_t tflite::RuntimeShape::Dims(int) const	16	static
/home/frank/Documents/MCUXpresso_11.5.1_7266/rockpaperscissors2/MaaXBoard-RT-V3-Tensorflow-Lite-from-Edge-Impulse/eiq/tensorflow-lite/tensorflow/lite/kernels/internal/types.h:210:19:int32_t* tflite::RuntimeShape::DimsData()	16	static
/home/frank/Documents/MCUXpresso_11.5.1_7266/rockpaperscissors2/MaaXBoard-RT-V3-Tensorflow-Lite-from-Edge-Impulse/eiq/tensorflow-lite/tensorflow/lite/kernels/internal/types.h:217:25:const int32_t* tflite::RuntimeShape::DimsDataUpTo5D() const	16	static
/home/frank/Documents/MCUXpresso_11.5.1_7266/rockpaperscissors2/MaaXBoard-RT-V3-Tensorflow-Lite-from-Edge-Impulse/eiq/tensorflow-lite/tensorflow/lite/kernels/internal/types.h:219:15:void tflite::RuntimeShape::Resize(int)	16	static
/home/frank/Documents/MCUXpresso_11.5.1_7266/rockpaperscissors2/MaaXBoard-RT-V3-Tensorflow-Lite-from-Edge-Impulse/eiq/tensorflow-lite/tensorflow/lite/kernels/internal/types.h:237:15:void tflite::RuntimeShape::ReplaceWith(int, const int32_t*)	32	static
/home/frank/Documents/MCUXpresso_11.5.1_7266/rockpaperscissors2/MaaXBoard-RT-V3-Tensorflow-Lite-from-Edge-Impulse/eiq/tensorflow-lite/tensorflow/lite/kernels/internal/types.h:385:12:int tflite::Offset(const tflite::RuntimeShape&, int, int, int, int)	32	static
/home/frank/Documents/MCUXpresso_11.5.1_7266/rockpaperscissors2/MaaXBoard-RT-V3-Tensorflow-Lite-from-Edge-Impulse/eiq/tensorflow-lite/tensorflow/lite/kernels/internal/types.h:438:12:int tflite::MatchingDim(const tflite::RuntimeShape&, int, const tflite::RuntimeShape&, int)	40	static
/home/frank/Documents/MCUXpresso_11.5.1_7266/rockpaperscissors2/MaaXBoard-RT-V3-Tensorflow-Lite-from-Edge-Impulse/eiq/tensorflow-lite/tensorflow/lite/kernels/internal/reference/pooling.h:26:13:void tflite::reference_ops::AveragePool(const tflite::PoolParams&, const tflite::RuntimeShape&, const float*, const tflite::RuntimeShape&, float*)	176	static
/home/frank/Documents/MCUXpresso_11.5.1_7266/rockpaperscissors2/MaaXBoard-RT-V3-Tensorflow-Lite-from-Edge-Impulse/eiq/tensorflow-lite/tensorflow/lite/kernels/internal/reference/pooling.h:79:13:void tflite::reference_ops::AveragePool(const tflite::PoolParams&, const tflite::RuntimeShape&, const uint8_t*, const tflite::RuntimeShape&, uint8_t*)	160	static
/home/frank/Documents/MCUXpresso_11.5.1_7266/rockpaperscissors2/MaaXBoard-RT-V3-Tensorflow-Lite-from-Edge-Impulse/eiq/tensorflow-lite/tensorflow/lite/kernels/internal/reference/pooling.h:190:13:void tflite::reference_ops::MaxPool(const tflite::PoolParams&, const tflite::RuntimeShape&, const float*, const tflite::RuntimeShape&, float*)	176	static
/home/frank/Documents/MCUXpresso_11.5.1_7266/rockpaperscissors2/MaaXBoard-RT-V3-Tensorflow-Lite-from-Edge-Impulse/eiq/tensorflow-lite/tensorflow/lite/kernels/internal/reference/pooling.h:240:13:void tflite::reference_ops::MaxPool(const tflite::PoolParams&, const tflite::RuntimeShape&, const uint8_t*, const tflite::RuntimeShape&, uint8_t*)	152	static
/usr/local/mcuxpressoide-11.5.1_7266/ide/plugins/com.nxp.mcuxpresso.tools.linux_11.5.1.202201181444/tools/arm-none-eabi/include/c++/10.3.1/arm-none-eabi/thumb/v7e-m+dp/hard/bits/gthr-default.h:229:1:int __gthread_key_delete(__gthread_key_t)	16	static
/home/frank/Documents/MCUXpresso_11.5.1_7266/rockpaperscissors2/MaaXBoard-RT-V3-Tensorflow-Lite-from-Edge-Impulse/eiq/tensorflow-lite/tensorflow/lite/kernels/internal/tensor_ctypes.h:34:21:tflite::RuntimeShape tflite::GetTensorShape(const TfLiteTensor*)	32	static
/home/frank/Documents/MCUXpresso_11.5.1_7266/rockpaperscissors2/MaaXBoard-RT-V3-Tensorflow-Lite-from-Edge-Impulse/eiq/tensorflow-lite/tensorflow/lite/kernels/kernel_util.h:148:12:int tflite::SizeOfDimension(const TfLiteTensor*, int)	16	static
/home/frank/Documents/MCUXpresso_11.5.1_7266/rockpaperscissors2/MaaXBoard-RT-V3-Tensorflow-Lite-from-Edge-Impulse/eiq/tensorflow-lite/tensorflow/lite/kernels/padding.h:32:12:int tflite::ComputePaddingWithOffset(int, int, int, int, int, int*)	32	static
/home/frank/Documents/MCUXpresso_11.5.1_7266/rockpaperscissors2/MaaXBoard-RT-V3-Tensorflow-Lite-from-Edge-Impulse/eiq/tensorflow-lite/tensorflow/lite/kernels/padding.h:44:12:int tflite::ComputeOutSize(TfLitePadding, int, int, int, int)	32	static
/home/frank/Documents/MCUXpresso_11.5.1_7266/rockpaperscissors2/MaaXBoard-RT-V3-Tensorflow-Lite-from-Edge-Impulse/eiq/tensorflow-lite/tensorflow/lite/kernels/padding.h:57:28:TfLitePaddingValues tflite::ComputePaddingHeightWidth(int, int, int, int, int, int, int, int, TfLitePadding, int*, int*)	40	static
/home/frank/Documents/MCUXpresso_11.5.1_7266/rockpaperscissors2/MaaXBoard-RT-V3-Tensorflow-Lite-from-Edge-Impulse/eiq/tensorflow-lite/tensorflow/lite/micro/kernels/kernel_util.h:30:26:TfLiteEvalTensor* tflite::micro::GetMutableEvalInput(const TfLiteContext*, const TfLiteNode*, int)	24	static
/home/frank/Documents/MCUXpresso_11.5.1_7266/rockpaperscissors2/MaaXBoard-RT-V3-Tensorflow-Lite-from-Edge-Impulse/eiq/tensorflow-lite/tensorflow/lite/micro/kernels/kernel_util.h:39:32:const TfLiteEvalTensor* tflite::micro::GetEvalInput(const TfLiteContext*, const TfLiteNode*, int)	24	static
/home/frank/Documents/MCUXpresso_11.5.1_7266/rockpaperscissors2/MaaXBoard-RT-V3-Tensorflow-Lite-from-Edge-Impulse/eiq/tensorflow-lite/tensorflow/lite/micro/kernels/kernel_util.h:45:26:TfLiteEvalTensor* tflite::micro::GetEvalOutput(const TfLiteContext*, const TfLiteNode*, int)	24	static
../eiq/tensorflow-lite/tensorflow/lite/micro/kernels/cmsis-nn/pooling.cpp:45:14:TfLiteStatus tflite::ops::micro::pooling::{anonymous}::CalculateOpData(TfLiteContext*, const TfLitePoolParams*, const TfLiteTensor*, TfLiteTensor*, tflite::ops::micro::pooling::{anonymous}::OpData*)	120	static
../eiq/tensorflow-lite/tensorflow/lite/micro/kernels/cmsis-nn/pooling.cpp:74:6:void tflite::ops::micro::pooling::{anonymous}::AverageEvalFloat(const TfLiteContext*, const TfLiteNode*, const TfLitePoolParams*, const tflite::ops::micro::pooling::{anonymous}::OpData&, const TfLiteEvalTensor*, TfLiteEvalTensor*)	144	static
../eiq/tensorflow-lite/tensorflow/lite/micro/kernels/cmsis-nn/pooling.cpp:96:6:void tflite::ops::micro::pooling::{anonymous}::AverageEvalQuantized(TfLiteContext*, const TfLiteNode*, const TfLitePoolParams*, const tflite::ops::micro::pooling::{anonymous}::OpData&, const TfLiteEvalTensor*, TfLiteEvalTensor*)	272	static
../eiq/tensorflow-lite/tensorflow/lite/micro/kernels/cmsis-nn/pooling.cpp:168:6:void tflite::ops::micro::pooling::{anonymous}::MaxEvalFloat(TfLiteContext*, TfLiteNode*, TfLitePoolParams*, const tflite::ops::micro::pooling::{anonymous}::OpData&, const TfLiteEvalTensor*, TfLiteEvalTensor*)	144	static
../eiq/tensorflow-lite/tensorflow/lite/micro/kernels/cmsis-nn/pooling.cpp:189:6:void tflite::ops::micro::pooling::{anonymous}::MaxEvalQuantizedUInt8(TfLiteContext*, TfLiteNode*, TfLitePoolParams*, const tflite::ops::micro::pooling::{anonymous}::OpData&, const TfLiteEvalTensor*, TfLiteEvalTensor*)	136	static
../eiq/tensorflow-lite/tensorflow/lite/micro/kernels/cmsis-nn/pooling.cpp:208:14:TfLiteStatus tflite::ops::micro::pooling::{anonymous}::MaxEvalInt8(TfLiteContext*, const TfLiteNode*, const TfLitePoolParams*, const tflite::ops::micro::pooling::{anonymous}::OpData&, const TfLiteEvalTensor*, TfLiteEvalTensor*)	184	static
../eiq/tensorflow-lite/tensorflow/lite/micro/kernels/cmsis-nn/pooling.cpp:261:7:void* tflite::ops::micro::pooling::Init(TfLiteContext*, const char*, size_t)	24	static
../eiq/tensorflow-lite/tensorflow/lite/micro/kernels/cmsis-nn/pooling.cpp:266:14:TfLiteStatus tflite::ops::micro::pooling::MaxPrepare(TfLiteContext*, TfLiteNode*)	48	static
../eiq/tensorflow-lite/tensorflow/lite/micro/kernels/cmsis-nn/pooling.cpp:281:14:TfLiteStatus tflite::ops::micro::pooling::AveragePrepare(TfLiteContext*, TfLiteNode*)	120	static
../eiq/tensorflow-lite/tensorflow/lite/micro/kernels/cmsis-nn/pooling.cpp:316:14:TfLiteStatus tflite::ops::micro::pooling::AverageEval(TfLiteContext*, TfLiteNode*)	48	static
../eiq/tensorflow-lite/tensorflow/lite/micro/kernels/cmsis-nn/pooling.cpp:343:14:TfLiteStatus tflite::ops::micro::pooling::MaxEval(TfLiteContext*, TfLiteNode*)	48	static
../eiq/tensorflow-lite/tensorflow/lite/micro/kernels/cmsis-nn/pooling.cpp:373:20:TfLiteRegistration tflite::ops::micro::Register_AVERAGE_POOL_2D()	24	static
../eiq/tensorflow-lite/tensorflow/lite/micro/kernels/cmsis-nn/pooling.cpp:384:20:TfLiteRegistration tflite::ops::micro::Register_MAX_POOL_2D()	24	static
/usr/local/mcuxpressoide-11.5.1_7266/ide/plugins/com.nxp.mcuxpresso.tools.linux_11.5.1.202201181444/tools/arm-none-eabi/include/c++/10.3.1/bits/stl_algobase.h:254:5:const _Tp& std::max(const _Tp&, const _Tp&) [with _Tp = long int]	16	static
/usr/local/mcuxpressoide-11.5.1_7266/ide/plugins/com.nxp.mcuxpresso.tools.linux_11.5.1.202201181444/tools/arm-none-eabi/include/c++/10.3.1/bits/stl_algobase.h:230:5:const _Tp& std::min(const _Tp&, const _Tp&) [with _Tp = long int]	16	static
/home/frank/Documents/MCUXpresso_11.5.1_7266/rockpaperscissors2/MaaXBoard-RT-V3-Tensorflow-Lite-from-Edge-Impulse/eiq/tensorflow-lite/tensorflow/lite/kernels/internal/common.h:59:10:T tflite::ActivationFunctionWithMinMax(T, T, T) [with T = float]	24	static
/usr/local/mcuxpressoide-11.5.1_7266/ide/plugins/com.nxp.mcuxpresso.tools.linux_11.5.1.202201181444/tools/arm-none-eabi/include/c++/10.3.1/bits/stl_algobase.h:254:5:const _Tp& std::max(const _Tp&, const _Tp&) [with _Tp = float]	16	static
/usr/local/mcuxpressoide-11.5.1_7266/ide/plugins/com.nxp.mcuxpresso.tools.linux_11.5.1.202201181444/tools/arm-none-eabi/include/c++/10.3.1/bits/stl_algobase.h:230:5:const _Tp& std::min(const _Tp&, const _Tp&) [with _Tp = float]	16	static
/usr/local/mcuxpressoide-11.5.1_7266/ide/plugins/com.nxp.mcuxpresso.tools.linux_11.5.1.202201181444/tools/arm-none-eabi/include/c++/10.3.1/bits/stl_algobase.h:254:5:const _Tp& std::max(const _Tp&, const _Tp&) [with _Tp = int]	16	static
/usr/local/mcuxpressoide-11.5.1_7266/ide/plugins/com.nxp.mcuxpresso.tools.linux_11.5.1.202201181444/tools/arm-none-eabi/include/c++/10.3.1/bits/stl_algobase.h:230:5:const _Tp& std::min(const _Tp&, const _Tp&) [with _Tp = int]	16	static
/usr/local/mcuxpressoide-11.5.1_7266/ide/plugins/com.nxp.mcuxpresso.tools.linux_11.5.1.202201181444/tools/arm-none-eabi/include/c++/10.3.1/bits/stl_algobase.h:254:5:const _Tp& std::max(const _Tp&, const _Tp&) [with _Tp = unsigned char]	16	static
/usr/local/mcuxpressoide-11.5.1_7266/ide/plugins/com.nxp.mcuxpresso.tools.linux_11.5.1.202201181444/tools/arm-none-eabi/include/c++/10.3.1/bits/stl_algobase.h:230:5:const _Tp& std::min(const _Tp&, const _Tp&) [with _Tp = unsigned char]	16	static
/home/frank/Documents/MCUXpresso_11.5.1_7266/rockpaperscissors2/MaaXBoard-RT-V3-Tensorflow-Lite-from-Edge-Impulse/eiq/tensorflow-lite/tensorflow/lite/kernels/kernel_util.h:253:6:void tflite::CalculateActivationRange(TfLiteFusedActivation, T*, T*) [with T = float]	24	static
/home/frank/Documents/MCUXpresso_11.5.1_7266/rockpaperscissors2/MaaXBoard-RT-V3-Tensorflow-Lite-from-Edge-Impulse/eiq/tensorflow-lite/tensorflow/lite/micro/kernels/kernel_util.h:60:10:const T* tflite::micro::GetTensorData(const TfLiteEvalTensor*) [with T = float]	16	static
/home/frank/Documents/MCUXpresso_11.5.1_7266/rockpaperscissors2/MaaXBoard-RT-V3-Tensorflow-Lite-from-Edge-Impulse/eiq/tensorflow-lite/tensorflow/lite/micro/kernels/kernel_util.h:54:4:T* tflite::micro::GetTensorData(TfLiteEvalTensor*) [with T = float]	16	static
/home/frank/Documents/MCUXpresso_11.5.1_7266/rockpaperscissors2/MaaXBoard-RT-V3-Tensorflow-Lite-from-Edge-Impulse/eiq/tensorflow-lite/tensorflow/lite/micro/kernels/kernel_util.h:60:10:const T* tflite::micro::GetTensorData(const TfLiteEvalTensor*) [with T = unsigned char]	16	static
/home/frank/Documents/MCUXpresso_11.5.1_7266/rockpaperscissors2/MaaXBoard-RT-V3-Tensorflow-Lite-from-Edge-Impulse/eiq/tensorflow-lite/tensorflow/lite/micro/kernels/kernel_util.h:54:4:T* tflite::micro::GetTensorData(TfLiteEvalTensor*) [with T = unsigned char]	16	static
/home/frank/Documents/MCUXpresso_11.5.1_7266/rockpaperscissors2/MaaXBoard-RT-V3-Tensorflow-Lite-from-Edge-Impulse/eiq/tensorflow-lite/tensorflow/lite/micro/kernels/kernel_util.h:60:10:const T* tflite::micro::GetTensorData(const TfLiteEvalTensor*) [with T = signed char]	16	static
/home/frank/Documents/MCUXpresso_11.5.1_7266/rockpaperscissors2/MaaXBoard-RT-V3-Tensorflow-Lite-from-Edge-Impulse/eiq/tensorflow-lite/tensorflow/lite/micro/kernels/kernel_util.h:54:4:T* tflite::micro::GetTensorData(TfLiteEvalTensor*) [with T = signed char]	16	static
