/home/frank/Documents/MCUXpresso_11.5.1_7266/rockpaperscissors2/MaaXBoard-RT-V3-Tensorflow-Lite-from-Edge-Impulse/video/fsl_camera_receiver.h:77:24:CAMERA_RECEIVER_Init	8	static
/home/frank/Documents/MCUXpresso_11.5.1_7266/rockpaperscissors2/MaaXBoard-RT-V3-Tensorflow-Lite-from-Edge-Impulse/video/fsl_camera_receiver.h:126:24:CAMERA_RECEIVER_Start	8	static
/home/frank/Documents/MCUXpresso_11.5.1_7266/rockpaperscissors2/MaaXBoard-RT-V3-Tensorflow-Lite-from-Edge-Impulse/video/fsl_camera_receiver.h:149:24:CAMERA_RECEIVER_SubmitEmptyBuffer	8	static
/home/frank/Documents/MCUXpresso_11.5.1_7266/rockpaperscissors2/MaaXBoard-RT-V3-Tensorflow-Lite-from-Edge-Impulse/video/fsl_camera_receiver.h:161:24:CAMERA_RECEIVER_GetFullBuffer	8	static
/home/frank/Documents/MCUXpresso_11.5.1_7266/rockpaperscissors2/MaaXBoard-RT-V3-Tensorflow-Lite-from-Edge-Impulse/video/fsl_camera_device.h:93:24:CAMERA_DEVICE_Init	8	static
/home/frank/Documents/MCUXpresso_11.5.1_7266/rockpaperscissors2/MaaXBoard-RT-V3-Tensorflow-Lite-from-Edge-Impulse/video/fsl_camera_device.h:148:24:CAMERA_DEVICE_Start	8	static
../source/video/eiq_camera.c:48:13:start	8	static
../source/video/eiq_camera.c:60:15:getResolution	8	static
../source/video/eiq_camera.c:73:13:notify	8	static
../source/video/eiq_camera.c:88:13:setReadyCallback	0	static
../source/video/eiq_camera.c:101:13:bufferReady	8	static
../source/video/eiq_camera.c:115:13:init	48	static
../source/video/eiq_camera.c:195:15:EIQ_InitCamera	8	static
