/home/frank/Documents/MCUXpresso_11.5.1_7266/rockpaperscissors2/MaaXBoard-RT-V3-Tensorflow-Lite-from-Edge-Impulse/CMSIS/core_cm7.h:1902:22:__NVIC_EnableIRQ	16	static
/home/frank/Documents/MCUXpresso_11.5.1_7266/rockpaperscissors2/MaaXBoard-RT-V3-Tensorflow-Lite-from-Edge-Impulse/CMSIS/core_cm7.h:1993:22:__NVIC_ClearPendingIRQ	16	static
/home/frank/Documents/MCUXpresso_11.5.1_7266/rockpaperscissors2/MaaXBoard-RT-V3-Tensorflow-Lite-from-Edge-Impulse/CMSIS/core_cm7.h:2032:22:__NVIC_SetPriority	16	static
/home/frank/Documents/MCUXpresso_11.5.1_7266/rockpaperscissors2/MaaXBoard-RT-V3-Tensorflow-Lite-from-Edge-Impulse/drivers/fsl_clock.h:2071:24:CLOCK_GetRootClockMux	0	static
/home/frank/Documents/MCUXpresso_11.5.1_7266/rockpaperscissors2/MaaXBoard-RT-V3-Tensorflow-Lite-from-Edge-Impulse/drivers/fsl_clock.h:2112:24:CLOCK_GetRootClockDiv	0	static
/home/frank/Documents/MCUXpresso_11.5.1_7266/rockpaperscissors2/MaaXBoard-RT-V3-Tensorflow-Lite-from-Edge-Impulse/drivers/fsl_clock.h:2157:20:CLOCK_SetRootClock	8	static
/home/frank/Documents/MCUXpresso_11.5.1_7266/rockpaperscissors2/MaaXBoard-RT-V3-Tensorflow-Lite-from-Edge-Impulse/drivers/fsl_clock.h:2178:20:CLOCK_ControlGate	0	static
/home/frank/Documents/MCUXpresso_11.5.1_7266/rockpaperscissors2/MaaXBoard-RT-V3-Tensorflow-Lite-from-Edge-Impulse/drivers/fsl_clock.h:2196:20:CLOCK_EnableClock	8	static
/home/frank/Documents/MCUXpresso_11.5.1_7266/rockpaperscissors2/MaaXBoard-RT-V3-Tensorflow-Lite-from-Edge-Impulse/drivers/fsl_clock.h:2239:24:CLOCK_GetRootClockFreq	16	static
/home/frank/Documents/MCUXpresso_11.5.1_7266/rockpaperscissors2/MaaXBoard-RT-V3-Tensorflow-Lite-from-Edge-Impulse/drivers/fsl_common_arm.h:488:24:EnableIRQ	8	static
../source/video/eiq_display_conf.c:281:13:BOARD_PullPanelResetPin	8	static
../source/video/eiq_display_conf.c:293:13:BOARD_PullPanelPowerPin	8	static
../source/video/eiq_display_conf.c:305:17:BOARD_DSI_Transfer	8	static
../source/video/eiq_display_conf.c:310:13:BOARD_InitLcdifClock	16	static
../source/video/eiq_display_conf.c:341:13:BOARD_InitMipiDsiClock	24	static
../source/video/eiq_display_conf.c:383:17:BOARD_InitLcdPanel	48	static
../source/video/eiq_display_conf.c:427:13:BOARD_SetMipiDsiConfig	96	static
../source/video/eiq_display_conf.c:489:10:BOARD_InitDisplayInterface	8	static
../source/video/eiq_display_conf.c:531:6:LCDIFv2_IRQHandler	8	static
../source/video/eiq_display_conf.c:545:10:BOARD_VerifyDisplayClockSource	8	static
../source/video/eiq_display_conf.c:574:10:BOARD_PrepareDisplayController	16	static
../source/video/eiq_display_conf.c:609:6:BOARD_ResetDisplayMix	8	static
