/home/frank/Documents/MCUXpresso_11.5.1_7266/rockpaperscissors2/MaaXBoard-RT-V3-Tensorflow-Lite-from-Edge-Impulse/drivers/fsl_elcdif.h:373:20:ELCDIF_RgbModeStart	0	static
/home/frank/Documents/MCUXpresso_11.5.1_7266/rockpaperscissors2/MaaXBoard-RT-V3-Tensorflow-Lite-from-Edge-Impulse/drivers/fsl_elcdif.h:391:20:ELCDIF_SetNextBufferAddr	0	static
/home/frank/Documents/MCUXpresso_11.5.1_7266/rockpaperscissors2/MaaXBoard-RT-V3-Tensorflow-Lite-from-Edge-Impulse/drivers/fsl_elcdif.h:540:20:ELCDIF_EnableInterrupts	0	static
/home/frank/Documents/MCUXpresso_11.5.1_7266/rockpaperscissors2/MaaXBoard-RT-V3-Tensorflow-Lite-from-Edge-Impulse/drivers/fsl_elcdif.h:554:20:ELCDIF_DisableInterrupts	0	static
/home/frank/Documents/MCUXpresso_11.5.1_7266/rockpaperscissors2/MaaXBoard-RT-V3-Tensorflow-Lite-from-Edge-Impulse/drivers/fsl_elcdif.h:586:20:ELCDIF_ClearInterruptStatus	0	static
../video/fsl_dc_fb_elcdif.c:53:17:DC_FB_ELCDIF_GetPixelFormat	0	static
../video/fsl_dc_fb_elcdif.c:69:10:DC_FB_ELCDIF_Init	32	static
../video/fsl_dc_fb_elcdif.c:103:10:DC_FB_ELCDIF_Deinit	8	static
../video/fsl_dc_fb_elcdif.c:118:10:DC_FB_ELCDIF_EnableLayer	16	static
../video/fsl_dc_fb_elcdif.c:144:10:DC_FB_ELCDIF_DisableLayer	16	static
../video/fsl_dc_fb_elcdif.c:160:10:DC_FB_ELCDIF_SetLayerConfig	24	static
../video/fsl_dc_fb_elcdif.c:186:10:DC_FB_ELCDIF_GetLayerDefaultConfig	8	static
../video/fsl_dc_fb_elcdif.c:202:10:DC_FB_ELCDIF_SetFrameBuffer	16	static
../video/fsl_dc_fb_elcdif.c:229:6:DC_FB_ELCDIF_SetCallback	8	static
../video/fsl_dc_fb_elcdif.c:238:10:DC_FB_ELCDIF_GetProperty	0	static
../video/fsl_dc_fb_elcdif.c:243:6:DC_FB_ELCDIF_IRQHandler	16	static
