/home/frank/Documents/MCUXpresso_11.5.1_7266/rockpaperscissors2/MaaXBoard-RT-V3-Tensorflow-Lite-from-Edge-Impulse/drivers/fsl_lcdifv2.h:351:20:LCDIFV2_EnableDisplay	0	static
/home/frank/Documents/MCUXpresso_11.5.1_7266/rockpaperscissors2/MaaXBoard-RT-V3-Tensorflow-Lite-from-Edge-Impulse/drivers/fsl_lcdifv2.h:377:20:LCDIFV2_EnableInterrupts	0	static
/home/frank/Documents/MCUXpresso_11.5.1_7266/rockpaperscissors2/MaaXBoard-RT-V3-Tensorflow-Lite-from-Edge-Impulse/drivers/fsl_lcdifv2.h:389:20:LCDIFV2_DisableInterrupts	0	static
/home/frank/Documents/MCUXpresso_11.5.1_7266/rockpaperscissors2/MaaXBoard-RT-V3-Tensorflow-Lite-from-Edge-Impulse/drivers/fsl_lcdifv2.h:401:24:LCDIFV2_GetInterruptStatus	0	static
/home/frank/Documents/MCUXpresso_11.5.1_7266/rockpaperscissors2/MaaXBoard-RT-V3-Tensorflow-Lite-from-Edge-Impulse/drivers/fsl_lcdifv2.h:413:20:LCDIFV2_ClearInterruptStatus	0	static
/home/frank/Documents/MCUXpresso_11.5.1_7266/rockpaperscissors2/MaaXBoard-RT-V3-Tensorflow-Lite-from-Edge-Impulse/drivers/fsl_lcdifv2.h:461:20:LCDIFV2_SetLayerSize	0	static
/home/frank/Documents/MCUXpresso_11.5.1_7266/rockpaperscissors2/MaaXBoard-RT-V3-Tensorflow-Lite-from-Edge-Impulse/drivers/fsl_lcdifv2.h:475:20:LCDIFV2_SetLayerOffset	0	static
/home/frank/Documents/MCUXpresso_11.5.1_7266/rockpaperscissors2/MaaXBoard-RT-V3-Tensorflow-Lite-from-Edge-Impulse/drivers/fsl_lcdifv2.h:499:20:LCDIFV2_SetLayerBufferAddr	0	static
/home/frank/Documents/MCUXpresso_11.5.1_7266/rockpaperscissors2/MaaXBoard-RT-V3-Tensorflow-Lite-from-Edge-Impulse/drivers/fsl_lcdifv2.h:511:20:LCDIFV2_EnableLayer	0	static
/home/frank/Documents/MCUXpresso_11.5.1_7266/rockpaperscissors2/MaaXBoard-RT-V3-Tensorflow-Lite-from-Edge-Impulse/drivers/fsl_lcdifv2.h:534:20:LCDIFV2_TriggerLayerShadowLoad	0	static
/home/frank/Documents/MCUXpresso_11.5.1_7266/rockpaperscissors2/MaaXBoard-RT-V3-Tensorflow-Lite-from-Edge-Impulse/drivers/fsl_lcdifv2.h:548:20:LCDIFV2_SetLayerBackGroundColor	0	static
../video/fsl_dc_fb_lcdifv2.c:55:17:DC_FB_LCDIFV2_GetPixelFormat	0	static
../video/fsl_dc_fb_lcdifv2.c:71:10:DC_FB_LCDIFV2_Init	40	static
../video/fsl_dc_fb_lcdifv2.c:114:10:DC_FB_LCDIFV2_Deinit	8	static
../video/fsl_dc_fb_lcdifv2.c:131:10:DC_FB_LCDIFV2_EnableLayer	16	static
../video/fsl_dc_fb_lcdifv2.c:160:10:DC_FB_LCDIFV2_DisableLayer	16	static
../video/fsl_dc_fb_lcdifv2.c:176:10:DC_FB_LCDIFV2_SetLayerConfig	40	static
../video/fsl_dc_fb_lcdifv2.c:205:10:DC_FB_LCDIFV2_GetLayerDefaultConfig	8	static
../video/fsl_dc_fb_lcdifv2.c:221:10:DC_FB_LCDIFV2_SetFrameBuffer	16	static
../video/fsl_dc_fb_lcdifv2.c:242:6:DC_FB_LCDIFV2_SetCallback	8	static
../video/fsl_dc_fb_lcdifv2.c:251:10:DC_FB_LCDIFV2_GetProperty	0	static
../video/fsl_dc_fb_lcdifv2.c:256:6:DC_FB_LCDIFV2_IRQHandler	16	static
