/home/frank/Documents/MCUXpresso_11.5.1_7266/rockpaperscissors2/MaaXBoard-RT-V3-Tensorflow-Lite-from-Edge-Impulse/eiq/tensorflow-lite/third_party/flatbuffers/include/flatbuffers/flatbuffers.h:640:7:flatbuffers::DefaultAllocator::~DefaultAllocator()	0	static
/home/frank/Documents/MCUXpresso_11.5.1_7266/rockpaperscissors2/MaaXBoard-RT-V3-Tensorflow-Lite-from-Edge-Impulse/eiq/tensorflow-lite/third_party/flatbuffers/include/flatbuffers/flatbuffers.h:646:8:virtual void flatbuffers::DefaultAllocator::deallocate(uint8_t*, size_t)	0	static
/home/frank/Documents/MCUXpresso_11.5.1_7266/rockpaperscissors2/MaaXBoard-RT-V3-Tensorflow-Lite-from-Edge-Impulse/eiq/tensorflow-lite/third_party/flatbuffers/include/flatbuffers/flatbuffers.h:642:12:virtual uint8_t* flatbuffers::DefaultAllocator::allocate(size_t)	0	static
/home/frank/Documents/MCUXpresso_11.5.1_7266/rockpaperscissors2/MaaXBoard-RT-V3-Tensorflow-Lite-from-Edge-Impulse/eiq/tensorflow-lite/third_party/flatbuffers/include/flatbuffers/flatbuffers.h:640:7:virtual flatbuffers::DefaultAllocator::~DefaultAllocator()	8	static
/home/frank/Documents/MCUXpresso_11.5.1_7266/rockpaperscissors2/MaaXBoard-RT-V3-Tensorflow-Lite-from-Edge-Impulse/eiq/tensorflow-lite/third_party/flatbuffers/include/flatbuffers/flatbuffers.h:614:20:virtual uint8_t* flatbuffers::Allocator::reallocate_downward(uint8_t*, size_t, size_t, size_t, size_t)	32	static
/home/frank/Documents/MCUXpresso_11.5.1_7266/rockpaperscissors2/MaaXBoard-RT-V3-Tensorflow-Lite-from-Edge-Impulse/eiq/tensorflow-lite/third_party/flatbuffers/include/flatbuffers/flatbuffers.h:1026:8:void flatbuffers::vector_downward::reallocate(size_t)	56	static
../eiq/tensorflow-lite/tensorflow/lite/schema/schema_utils.cpp:45:17:tflite::BuiltinOperator tflite::GetBuiltinCode(const tflite::OperatorCode*)	0	static
../eiq/tensorflow-lite/tensorflow/lite/schema/schema_utils.cpp:54:17:tflite::BuiltinOperator tflite::GetBuiltinCode(const tflite::OperatorCodeT*)	0	static
../eiq/tensorflow-lite/tensorflow/lite/schema/schema_utils.cpp:62:8:int8_t tflite::ConvertBuiltinCodeToDeprecatedBuiltinCode(tflite::BuiltinOperator)	0	static
../eiq/tensorflow-lite/tensorflow/lite/schema/schema_utils.cpp:79:35:flatbuffers::Offset<tflite::OperatorCode> tflite::CreateOperatorCode(flatbuffers::FlatBufferBuilder&, tflite::BuiltinOperator, flatbuffers::Offset<flatbuffers::String>, int32_t)	72	static
../eiq/tensorflow-lite/tensorflow/lite/schema/schema_utils.cpp:96:35:flatbuffers::Offset<tflite::OperatorCode> tflite::CreateOperatorCodeDirect(flatbuffers::FlatBufferBuilder&, tflite::BuiltinOperator, const char*, int32_t)	80	static
