../eiq/tensorflow-lite/tensorflow/lite/micro/kernels/hard_swish.cpp:37:7:void* tflite::ops::micro::hard_swish::HardSwishInit(TfLiteContext*, const char*, size_t)	0	static
../eiq/tensorflow-lite/tensorflow/lite/micro/kernels/hard_swish.cpp:42:14:TfLiteStatus tflite::ops::micro::hard_swish::HardSwishPrepare(TfLiteContext*, TfLiteNode*)	56	static
../eiq/tensorflow-lite/tensorflow/lite/micro/kernels/hard_swish.cpp:87:14:TfLiteStatus tflite::ops::micro::hard_swish::HardSwishEval(TfLiteContext*, TfLiteNode*)	192	static
../eiq/tensorflow-lite/tensorflow/lite/micro/kernels/hard_swish.cpp:129:20:TfLiteRegistration tflite::ops::micro::Register_HARD_SWISH()	8	static
