../eiq/tensorflow-lite/tensorflow/lite/micro/kernels/kernel_runner.cpp:74:15:static TfLiteTensor* tflite::micro::KernelRunner::GetTensor(const TfLiteContext*, int)	0	static
../eiq/tensorflow-lite/tensorflow/lite/micro/kernels/kernel_runner.cpp:83:19:static TfLiteEvalTensor* tflite::micro::KernelRunner::GetEvalTensor(const TfLiteContext*, int)	16	static
../eiq/tensorflow-lite/tensorflow/lite/micro/kernels/kernel_runner.cpp:102:7:static void* tflite::micro::KernelRunner::AllocatePersistentBuffer(TfLiteContext*, size_t)	0	static
../eiq/tensorflow-lite/tensorflow/lite/micro/kernels/kernel_runner.cpp:140:7:static void* tflite::micro::KernelRunner::GetScratchBuffer(TfLiteContext*, int)	0	static
../eiq/tensorflow-lite/tensorflow/lite/micro/kernels/kernel_runner.cpp:111:14:static TfLiteStatus tflite::micro::KernelRunner::RequestScratchBufferInArena(TfLiteContext*, size_t, int*)	16	static
../eiq/tensorflow-lite/tensorflow/lite/micro/kernels/kernel_runner.cpp:152:6:)	12	static
../eiq/tensorflow-lite/tensorflow/lite/micro/kernels/kernel_runner.cpp:30:1:tflite::micro::KernelRunner::KernelRunner(const TfLiteRegistration&, TfLiteTensor*, int, TfLiteIntArray*, TfLiteIntArray*, void*, tflite::ErrorReporter*)	24	static
../eiq/tensorflow-lite/tensorflow/lite/micro/kernels/kernel_runner.cpp:55:14:TfLiteStatus tflite::micro::KernelRunner::InitAndPrepare(const char*)	16	static
../eiq/tensorflow-lite/tensorflow/lite/micro/kernels/kernel_runner.cpp:65:14:TfLiteStatus tflite::micro::KernelRunner::Invoke()	8	static
