../eiq/tensorflow-lite/tensorflow/lite/micro/kernels/l2norm.cpp:77:7:void* tflite::ops::micro::l2norm::Init(TfLiteContext*, const char*, size_t)	0	static
../eiq/tensorflow-lite/tensorflow/lite/micro/kernels/l2norm.cpp:41:14:TfLiteStatus tflite::ops::micro::l2norm::Prepare(TfLiteContext*, TfLiteNode*)	48	static
../eiq/tensorflow-lite/tensorflow/lite/micro/kernels/l2norm.cpp:83:14:TfLiteStatus tflite::ops::micro::l2norm::Eval(TfLiteContext*, TfLiteNode*)	232	static
../eiq/tensorflow-lite/tensorflow/lite/micro/kernels/l2norm.cpp:142:20:TfLiteRegistration tflite::ops::micro::Register_L2NORM_REF()	8	static
../eiq/tensorflow-lite/tensorflow/lite/micro/kernels/l2norm.cpp:153:20:TfLiteRegistration tflite::ops::micro::Register_L2_NORMALIZATION()	8	static
