../eiq/tensorflow-lite/tensorflow/lite/micro/kernels/pad.cpp:40:7:void* tflite::ops::micro::pad::Init(TfLiteContext*, const char*, size_t)	0	static
../eiq/tensorflow-lite/tensorflow/lite/micro/kernels/pad.cpp:45:14:TfLiteStatus tflite::ops::micro::pad::Prepare(TfLiteContext*, TfLiteNode*)	120	static
../eiq/tensorflow-lite/tensorflow/lite/micro/kernels/pad.cpp:135:14:TfLiteStatus tflite::ops::micro::pad::Eval(TfLiteContext*, TfLiteNode*)	1016	static
../eiq/tensorflow-lite/tensorflow/lite/micro/kernels/pad.cpp:229:20:TfLiteRegistration tflite::ops::micro::Register_PAD()	8	static
../eiq/tensorflow-lite/tensorflow/lite/micro/kernels/pad.cpp:241:20:TfLiteRegistration tflite::ops::micro::Register_PADV2()	8	static
