../eiq/tensorflow-lite/tensorflow/lite/micro/kernels/reshape.cpp:81:14:TfLiteStatus tflite::ops::micro::reshape::Eval(TfLiteContext*, TfLiteNode*)	24	static
../eiq/tensorflow-lite/tensorflow/lite/micro/kernels/reshape.cpp:33:14:TfLiteStatus tflite::ops::micro::reshape::ReshapeOutput(TfLiteContext*, TfLiteNode*)	40	static
../eiq/tensorflow-lite/tensorflow/lite/micro/kernels/reshape.cpp:74:14:TfLiteStatus tflite::ops::micro::reshape::Prepare(TfLiteContext*, TfLiteNode*)	32	static
../eiq/tensorflow-lite/tensorflow/lite/micro/kernels/reshape.cpp:105:20:TfLiteRegistration tflite::ops::micro::Register_RESHAPE()	8	static
