../eiq/tensorflow-lite/tensorflow/lite/micro/kernels/resize_nearest_neighbor.cpp:34:14:TfLiteStatus tflite::ops::micro::resize_nearest_neighbor::Prepare(TfLiteContext*, TfLiteNode*)	48	static
../eiq/tensorflow-lite/tensorflow/lite/micro/kernels/resize_nearest_neighbor.cpp:58:14:TfLiteStatus tflite::ops::micro::resize_nearest_neighbor::Eval(TfLiteContext*, TfLiteNode*)	480	static
../eiq/tensorflow-lite/tensorflow/lite/micro/kernels/resize_nearest_neighbor.cpp:108:20:TfLiteRegistration tflite::ops::micro::Register_RESIZE_NEAREST_NEIGHBOR()	8	static
